--------- beginning of system
--------- beginning of main
2025-08-13 10:11:43.399 19133-19133 bs.cloudgallery         com.akslabs.cloudgallery             I  Late-enabling -Xcheck:jni
2025-08-13 10:11:43.443 19133-19133 bs.cloudgallery         com.akslabs.cloudgallery             I  Using CollectorTypeCC GC.
2025-08-13 10:11:43.482 19133-19133 nativeloader            com.akslabs.cloudgallery             D  Load libframework-connectivity-tiramisu-jni.so using APEX ns com_android_tethering for caller /apex/com.android.tethering/javalib/framework-connectivity-t.jar: ok
2025-08-13 10:11:43.538 19133-19133 nativeloader            com.akslabs.cloudgallery             D  Load /data/user/0/com.akslabs.cloudgallery/code_cache/startup_agents/b13c65d9-agent.so using system ns (caller=<unknown>): ok
2025-08-13 10:11:43.547 19133-19133 bs.cloudgallery         com.akslabs.cloudgallery             W  DexFile /data/data/com.akslabs.cloudgallery/code_cache/.studio/instruments-462f9421.jar is in boot class path but is not in a known location
2025-08-13 10:11:43.730 19133-19133 bs.cloudgallery         com.akslabs.cloudgallery             W  Redefining intrinsic method java.lang.Thread java.lang.Thread.currentThread(). This may cause the unexpected use of the original definition of java.lang.Thread java.lang.Thread.currentThread()in methods that have already been compiled.
2025-08-13 10:11:43.730 19133-19133 bs.cloudgallery         com.akslabs.cloudgallery             W  Redefining intrinsic method boolean java.lang.Thread.interrupted(). This may cause the unexpected use of the original definition of boolean java.lang.Thread.interrupted()in methods that have already been compiled.
2025-08-13 10:11:43.811 19133-19133 ApplicationLoaders      com.akslabs.cloudgallery             D  Returning zygote-cached class loader: /system_ext/framework/androidx.window.extensions.jar
2025-08-13 10:11:43.811 19133-19133 ApplicationLoaders      com.akslabs.cloudgallery             D  Returning zygote-cached class loader: /system_ext/framework/androidx.window.sidecar.jar
2025-08-13 10:11:43.840 19133-19133 ziparchive              com.akslabs.cloudgallery             W  Unable to open '/data/app/~~H39HcsrPQN-FSXDcIRydeg==/com.akslabs.cloudgallery-RcHZ3qQgx4Iubj1z1Y82Gg==/base.dm': No such file or directory
2025-08-13 10:11:43.840 19133-19133 ziparchive              com.akslabs.cloudgallery             W  Unable to open '/data/app/~~H39HcsrPQN-FSXDcIRydeg==/com.akslabs.cloudgallery-RcHZ3qQgx4Iubj1z1Y82Gg==/base.dm': No such file or directory
2025-08-13 10:11:44.601 19133-19133 nativeloader            com.akslabs.cloudgallery             D  Configuring clns-7 for other apk /data/app/~~H39HcsrPQN-FSXDcIRydeg==/com.akslabs.cloudgallery-RcHZ3qQgx4Iubj1z1Y82Gg==/base.apk. target_sdk_version=34, uses_libraries=, library_path=/data/app/~~H39HcsrPQN-FSXDcIRydeg==/com.akslabs.cloudgallery-RcHZ3qQgx4Iubj1z1Y82Gg==/lib/arm64:/data/app/~~H39HcsrPQN-FSXDcIRydeg==/com.akslabs.cloudgallery-RcHZ3qQgx4Iubj1z1Y82Gg==/base.apk!/lib/arm64-v8a, permitted_path=/data:/mnt/expand:/data/user/0/com.akslabs.cloudgallery
2025-08-13 10:11:44.636 19133-19133 GraphicsEnvironment     com.akslabs.cloudgallery             V  Currently set values for:
2025-08-13 10:11:44.636 19133-19133 GraphicsEnvironment     com.akslabs.cloudgallery             V    angle_gl_driver_selection_pkgs=[com.android.angle, com.linecorp.b612.android, com.campmobile.snow, com.google.android.apps.tachyon]
2025-08-13 10:11:44.637 19133-19133 GraphicsEnvironment     com.akslabs.cloudgallery             V    angle_gl_driver_selection_values=[angle, native, native, native]
2025-08-13 10:11:44.637 19133-19133 GraphicsEnvironment     com.akslabs.cloudgallery             V  com.akslabs.cloudgallery is not listed in per-application setting
2025-08-13 10:11:44.637 19133-19133 GraphicsEnvironment     com.akslabs.cloudgallery             V  Neither updatable production driver nor prerelease driver is supported.
2025-08-13 10:11:44.664 19133-19133 WM-WrkMgrInitializer    com.akslabs.cloudgallery             D  Initializing WorkManager with default configuration.
2025-08-13 10:11:44.746 19133-19133 WM-PackageManagerHelper com.akslabs.cloudgallery             D  Skipping component enablement for androidx.work.impl.background.systemjob.SystemJobService
2025-08-13 10:11:44.746 19133-19133 WM-Schedulers           com.akslabs.cloudgallery             D  Created SystemJobScheduler and enabled SystemJobService
2025-08-13 10:11:45.088 19133-19133 EngineFactory           com.akslabs.cloudgallery             I  Provider GmsCore_OpenSSL not available
2025-08-13 10:11:45.103 19133-19133 ImageLoaderModule       com.akslabs.cloudgallery             I  === INITIALIZING IMAGE LOADERS ===
2025-08-13 10:11:45.227 19133-19133 ImageLoaderModule       com.akslabs.cloudgallery             D  Created OkHttpClient with 30s connect, 60s read/write timeouts
2025-08-13 10:11:45.227 19133-19133 ImageLoaderModule       com.akslabs.cloudgallery             D  Creating remoteImageLoader...
2025-08-13 10:11:45.230 19133-19133 ImageLoaderModule       com.akslabs.cloudgallery             I  remoteImageLoader created successfully
2025-08-13 10:11:45.230 19133-19133 ImageLoaderModule       com.akslabs.cloudgallery             D  Creating thumbnailImageLoader...
2025-08-13 10:11:45.230 19133-19133 ImageLoaderModule       com.akslabs.cloudgallery             I  thumbnailImageLoader created successfully
2025-08-13 10:11:45.230 19133-19133 ImageLoaderModule       com.akslabs.cloudgallery             I  === IMAGE LOADERS INITIALIZATION COMPLETE ===
2025-08-13 10:11:45.230 19133-19133 ImageLoaderModule       com.akslabs.cloudgallery             I  Available loaders:
2025-08-13 10:11:45.230 19133-19133 ImageLoaderModule       com.akslabs.cloudgallery             I  - defaultImageLoader: ✓
2025-08-13 10:11:45.230 19133-19133 ImageLoaderModule       com.akslabs.cloudgallery             I  - remoteImageLoader: ✓
2025-08-13 10:11:45.230 19133-19133 ImageLoaderModule       com.akslabs.cloudgallery             I  - thumbnailImageLoader: ✓
2025-08-13 10:11:45.323 19133-19133 Choreographer           com.akslabs.cloudgallery             I  Skipped 31 frames!  The application may be doing too much work on its main thread.
2025-08-13 10:11:45.428 19133-25838 DatabaseDebugHelper     com.akslabs.cloudgallery             I  === DATABASE DEBUG REPORT ===
2025-08-13 10:11:45.464 19133-25838 DatabaseDebugHelper     com.akslabs.cloudgallery             I  Database version: 4
2025-08-13 10:11:45.479 19133-19133 DesktopModeFlagsUtil    com.akslabs.cloudgallery             D  Toggle override initialized to: OVERRIDE_UNSET
2025-08-13 10:11:45.510 19133-25839 DatabaseDebugHelper     com.akslabs.cloudgallery             I  Record counts:
2025-08-13 10:11:45.510 19133-25839 DatabaseDebugHelper     com.akslabs.cloudgallery             I    Total photos: 947
2025-08-13 10:11:45.510 19133-25839 DatabaseDebugHelper     com.akslabs.cloudgallery             I    Photos with remoteId: 0
2025-08-13 10:11:45.510 19133-25839 DatabaseDebugHelper     com.akslabs.cloudgallery             I    Total remote photos: 0
2025-08-13 10:11:45.510 19133-25839 DatabaseDebugHelper     com.akslabs.cloudgallery             I  === END DATABASE DEBUG REPORT ===
2025-08-13 10:11:45.595 19133-25839 QuickCloudSyncWorker    com.akslabs.cloudgallery             D  Quick cloud sync worker started
2025-08-13 10:11:45.597 19133-25838 DailyDatabaseBackup     com.akslabs.cloudgallery             D  Daily database backup worker started
2025-08-13 10:11:45.601 19133-25840 CloudPhotoSyncService   com.akslabs.cloudgallery             D  Performing quick sync
2025-08-13 10:11:45.605 19133-25840 CloudPhotoSyncService   com.akslabs.cloudgallery             D  Found configured group/channel ID: -1002651869724
2025-08-13 10:11:45.611 19133-25840 Historical...eDiscovery com.akslabs.cloudgallery             I  === STARTING HISTORICAL IMAGE DISCOVERY ===
2025-08-13 10:11:45.611 19133-25840 Historical...eDiscovery com.akslabs.cloudgallery             I  Channel ID: -1002651869724
2025-08-13 10:11:45.612 19133-25840 Historical...eDiscovery com.akslabs.cloudgallery             I  Config: ScanConfig(channelId=-1002651869724, batchSize=50, maxFiles=100, includePhotos=true, includeDocuments=true, includeVideos=true)
2025-08-13 10:11:45.616 19133-25840 Historical...eDiscovery com.akslabs.cloudgallery             I  Found 0 existing RemotePhoto records
2025-08-13 10:11:45.616 19133-25840 Historical...eDiscovery com.akslabs.cloudgallery             D  Processing batch 1 (offset: null)
2025-08-13 10:11:45.621 19133-25840 BotApi                  com.akslabs.cloudgallery             D  === SCANNING CHANNEL FOR MEDIA ===
2025-08-13 10:11:45.621 19133-25840 BotApi                  com.akslabs.cloudgallery             D  Channel ID: -1002651869724, Limit: 50, Offset: null
2025-08-13 10:11:45.638 19133-25843 BackupHelper            com.akslabs.cloudgallery             D  Backup status - Has backup: false, Data unchanged: false
2025-08-13 10:11:45.638 19133-25843 BackupHelper            com.akslabs.cloudgallery             D  Current: 947 photos, 0 remote | Last backup: 0 photos, 0 remote
2025-08-13 10:11:45.641 19133-25838 BackupHelper            com.akslabs.cloudgallery             I  === UPLOADING DATABASE TO TELEGRAM ===
2025-08-13 10:11:45.681 19133-25838 BackupHelper            com.akslabs.cloudgallery             I  Database backup created: 947 photos, 0 remote photos
2025-08-13 10:11:45.889 19133-25813 bs.cloudgallery         com.akslabs.cloudgallery             I  Compiler allocated 4431KB to compile void android.view.ViewRootImpl.performTraversals()
2025-08-13 10:11:46.166 19133-25838 BackupHelper            com.akslabs.cloudgallery             I  Created backup file: database_2025-08-13_10-11-46.json (126933 bytes)
2025-08-13 10:11:46.166 19133-25838 BackupHelper            com.akslabs.cloudgallery             I  Uploading to Telegram channel: -1002651869724
2025-08-13 10:11:46.354 19133-19133 bs.cloudgallery         com.akslabs.cloudgallery             W  Method boolean androidx.compose.runtime.snapshots.SnapshotStateList.conditionalUpdate(boolean, kotlin.jvm.functions.Function1) failed lock verification and will run slower.
                                                                                                    Common causes for lock verification issues are non-optimized dex code
                                                                                                    and incorrect proguard optimizations.
2025-08-13 10:11:46.354 19133-19133 bs.cloudgallery         com.akslabs.cloudgallery             W  Method boolean androidx.compose.runtime.snapshots.SnapshotStateList.conditionalUpdate$default(androidx.compose.runtime.snapshots.SnapshotStateList, boolean, kotlin.jvm.functions.Function1, int, java.lang.Object) failed lock verification and will run slower.
2025-08-13 10:11:46.354 19133-19133 bs.cloudgallery         com.akslabs.cloudgallery             W  Method java.lang.Object androidx.compose.runtime.snapshots.SnapshotStateList.mutate(kotlin.jvm.functions.Function1) failed lock verification and will run slower.
2025-08-13 10:11:46.354 19133-19133 bs.cloudgallery         com.akslabs.cloudgallery             W  Method void androidx.compose.runtime.snapshots.SnapshotStateList.update(boolean, kotlin.jvm.functions.Function1) failed lock verification and will run slower.
2025-08-13 10:11:46.355 19133-19133 bs.cloudgallery         com.akslabs.cloudgallery             W  Method void androidx.compose.runtime.snapshots.SnapshotStateList.update$default(androidx.compose.runtime.snapshots.SnapshotStateList, boolean, kotlin.jvm.functions.Function1, int, java.lang.Object) failed lock verification and will run slower.
2025-08-13 10:11:46.943 19133-19133 LocalViewModel          com.akslabs.cloudgallery             E  🚀 === LOCAL VIEW MODEL INITIALIZED ===
2025-08-13 10:11:46.944 19133-19133 LocalViewModel          com.akslabs.cloudgallery             I  === LOCAL PHOTOS DATABASE DEBUG ===
2025-08-13 10:11:46.964 19133-19133 LocalViewModel          com.akslabs.cloudgallery             D  === CREATING NEW LOCAL PAGING SOURCE ===
2025-08-13 10:11:46.964 19133-19133 LocalViewModel          com.akslabs.cloudgallery             D  PageSize: 32, PrefetchDistance: 160, JumpThreshold: 160
2025-08-13 10:11:46.965 19133-19133 LocalViewModel          com.akslabs.cloudgallery             D  Local PagingSource created: null
2025-08-13 10:11:46.981 19133-19133 LocalViewModel          com.akslabs.cloudgallery             E  📄 New PagingData received in LocalViewModel
2025-08-13 10:11:46.983 19133-19133 LocalViewModel          com.akslabs.cloudgallery             E  📊 Local photos count updated: 0
2025-08-13 10:11:47.000 19133-19133 LocalPhotoGrid          com.akslabs.cloudgallery             E  🎯 === LOCAL PHOTO GRID COMPOSING ===
2025-08-13 10:11:47.085 19133-25835 AdrenoGLES-0            com.akslabs.cloudgallery             I  QUALCOMM build                   : 95db91f, Ifbc588260a
                                                                                                    Build Date                       : 09/24/20
                                                                                                    OpenGL ES Shader Compiler Version: EV031.32.02.01
                                                                                                    Local Branch                     : mybrancheafe5b6d-fb5b-f1b0-b904-5cb90179c3e0
                                                                                                    Remote Branch                    : quic/gfx-adreno.lnx.1.0.r114-rel
                                                                                                    Remote Branch                    : NONE
                                                                                                    Reconstruct Branch               : NOTHING
2025-08-13 10:11:47.085 19133-25835 AdrenoGLES-0            com.akslabs.cloudgallery             I  Build Config                     : S P 10.0.7 AArch64
2025-08-13 10:11:47.085 19133-25835 AdrenoGLES-0            com.akslabs.cloudgallery             I  Driver Path                      : /vendor/lib64/egl/libGLESv2_adreno.so
2025-08-13 10:11:47.103 19133-25835 AdrenoGLES-0            com.akslabs.cloudgallery             I  PFP: 0x016ee190, ME: 0x00000000
2025-08-13 10:11:47.172 19133-25860 Gralloc4                com.akslabs.cloudgallery             I  mapper 4.x is not supported
2025-08-13 10:11:47.172 19133-25860 Gralloc3                com.akslabs.cloudgallery             W  mapper 3.x is not supported
2025-08-13 10:11:47.179 19133-25860 Gralloc2                com.akslabs.cloudgallery             I  Adding additional valid usage bits: 0x8202000
2025-08-13 10:11:47.276 19133-25823 HWUI                    com.akslabs.cloudgallery             I  Davey! duration=1663ms; Flags=1, FrameTimelineVsyncId=74718637, IntendedVsync=138484167093306, Vsync=138484167093306, InputEventId=0, HandleInputStart=138484171040296, AnimationStart=138484171042952, PerformTraversalsStart=138484171044046, DrawStart=138485737338785, FrameDeadline=138484183759972, FrameInterval=138484171031337, FrameStartTime=16666880, SyncQueued=138485796891337, SyncStart=138485797041076, IssueDrawCommandsStart=138485797774670, SwapBuffers=138485824608055, FrameCompleted=138485831114045, DequeueBufferDuration=15833, QueueBufferDuration=380834, GpuCompleted=138485831114045, SwapBuffersCompleted=138485825490087, DisplayPresentTime=18013092839424, CommandSubmissionCompleted=138485824608055, 
2025-08-13 10:11:47.322 19133-19133 LocalPhotoGrid          com.akslabs.cloudgallery             D  === LOCAL PHOTO GRID DEBUG ===
2025-08-13 10:11:47.322 19133-19133 LocalPhotoGrid          com.akslabs.cloudgallery             D  Total count from ViewModel: 0
2025-08-13 10:11:47.322 19133-19133 LocalPhotoGrid          com.akslabs.cloudgallery             D  LocalPhotos itemCount: 0
2025-08-13 10:11:47.322 19133-19133 LocalPhotoGrid          com.akslabs.cloudgallery             D  LoadState.refresh: Loading(endOfPaginationReached=false)
2025-08-13 10:11:47.322 19133-19133 LocalPhotoGrid          com.akslabs.cloudgallery             D  LoadState.append: NotLoading(endOfPaginationReached=false)
2025-08-13 10:11:47.322 19133-19133 LocalPhotoGrid          com.akslabs.cloudgallery             D  LoadState.prepend: NotLoading(endOfPaginationReached=false)
2025-08-13 10:11:47.322 19133-19133 LocalPhotoGrid          com.akslabs.cloudgallery             I  REFRESH is currently LOADING
2025-08-13 10:11:47.322 19133-19133 LocalPhotoGrid          com.akslabs.cloudgallery             W  LocalPhotos itemCount is 0!
2025-08-13 10:11:47.322 19133-19133 LocalPhotoGrid          com.akslabs.cloudgallery             D  === END LOCAL PHOTO GRID DEBUG ===
2025-08-13 10:11:47.328 19133-19133 LocalViewModel          com.akslabs.cloudgallery             E  ❌ Error collecting from localPhotosFlow
                                                                                                    kotlinx.coroutines.JobCancellationException: Job was cancelled; job=SupervisorJobImpl{Cancelling}@3b3daf8
2025-08-13 10:11:47.340 19133-19133 LocalViewModel          com.akslabs.cloudgallery             E  ❌ Error collecting from localPhotosCount
                                                                                                    kotlinx.coroutines.JobCancellationException: Job was cancelled; job=SupervisorJobImpl{Cancelling}@3b3daf8
2025-08-13 10:11:47.366 19133-19133 Choreographer           com.akslabs.cloudgallery             I  Skipped 100 frames!  The application may be doing too much work on its main thread.
2025-08-13 10:11:47.464 19133-19133 LocalViewModel          com.akslabs.cloudgallery             E  ❌ Error debugging local database state
                                                                                                    kotlinx.coroutines.JobCancellationException: Job was cancelled; job=SupervisorJobImpl{Cancelling}@3b3daf8
2025-08-13 10:11:47.482 19133-25823 HWUI                    com.akslabs.cloudgallery             I  Davey! duration=1776ms; Flags=0, FrameTimelineVsyncId=74718733, IntendedVsync=138484267105595, Vsync=138485933864295, InputEventId=0, HandleInputStart=138485939446962, AnimationStart=138485939449618, PerformTraversalsStart=138486018324722, DrawStart=138486020156389, FrameDeadline=138485850447972, FrameInterval=138485938974149, FrameStartTime=16667587, SyncQueued=138486034883784, SyncStart=138486034959097, IssueDrawCommandsStart=138486035053837, SwapBuffers=138486036656962, FrameCompleted=138486043470503, DequeueBufferDuration=16458, QueueBufferDuration=341041, GpuCompleted=138486043470503, SwapBuffersCompleted=138486037585920, DisplayPresentTime=72904454214516736, CommandSubmissionCompleted=138486036656962, 
2025-08-13 10:11:47.573 19133-19133 LocalViewModel          com.akslabs.cloudgallery             E  🚀 === LOCAL VIEW MODEL INITIALIZED ===
2025-08-13 10:11:47.573 19133-19133 LocalViewModel          com.akslabs.cloudgallery             I  === LOCAL PHOTOS DATABASE DEBUG ===
2025-08-13 10:11:47.580 19133-19133 LocalViewModel          com.akslabs.cloudgallery             D  === CREATING NEW LOCAL PAGING SOURCE ===
2025-08-13 10:11:47.581 19133-19133 LocalViewModel          com.akslabs.cloudgallery             D  PageSize: 32, PrefetchDistance: 160, JumpThreshold: 160
2025-08-13 10:11:47.581 19133-19133 LocalViewModel          com.akslabs.cloudgallery             D  Local PagingSource created: null
2025-08-13 10:11:47.585 19133-19133 LocalViewModel          com.akslabs.cloudgallery             E  📄 New PagingData received in LocalViewModel
2025-08-13 10:11:47.586 19133-19133 LocalViewModel          com.akslabs.cloudgallery             E  📊 Local photos count updated: 0
2025-08-13 10:11:47.591 19133-19133 LocalPhotoGrid          com.akslabs.cloudgallery             E  🎯 === LOCAL PHOTO GRID COMPOSING ===
2025-08-13 10:11:47.675 19133-19133 LocalPhotoGrid          com.akslabs.cloudgallery             D  === LOCAL PHOTO GRID DEBUG ===
2025-08-13 10:11:47.675 19133-19133 LocalPhotoGrid          com.akslabs.cloudgallery             D  Total count from ViewModel: 0
2025-08-13 10:11:47.675 19133-19133 LocalPhotoGrid          com.akslabs.cloudgallery             D  LocalPhotos itemCount: 0
2025-08-13 10:11:47.675 19133-19133 LocalPhotoGrid          com.akslabs.cloudgallery             D  LoadState.refresh: Loading(endOfPaginationReached=false)
2025-08-13 10:11:47.675 19133-19133 LocalPhotoGrid          com.akslabs.cloudgallery             D  LoadState.append: NotLoading(endOfPaginationReached=false)
2025-08-13 10:11:47.675 19133-19133 LocalPhotoGrid          com.akslabs.cloudgallery             D  LoadState.prepend: NotLoading(endOfPaginationReached=false)
2025-08-13 10:11:47.675 19133-19133 LocalPhotoGrid          com.akslabs.cloudgallery             I  REFRESH is currently LOADING
2025-08-13 10:11:47.676 19133-19133 LocalPhotoGrid          com.akslabs.cloudgallery             W  LocalPhotos itemCount is 0!
2025-08-13 10:11:47.676 19133-19133 LocalPhotoGrid          com.akslabs.cloudgallery             D  === END LOCAL PHOTO GRID DEBUG ===
2025-08-13 10:11:47.730 19133-19133 LocalViewModel          com.akslabs.cloudgallery             E  📊 Local photos count updated: 947
2025-08-13 10:11:47.732 19133-19133 LocalViewModel          com.akslabs.cloudgallery             I  Total Photo records in database: 947
2025-08-13 10:11:47.732 19133-19133 LocalViewModel          com.akslabs.cloudgallery             I  ✅ Photo records found:
2025-08-13 10:11:47.732 19133-19133 LocalViewModel          com.akslabs.cloudgallery             D  Photo[0]: localId=1000009844, pathUri=content://media/external/images/media/1000009844, remoteId=null, photoType=png
2025-08-13 10:11:47.732 19133-19133 LocalViewModel          com.akslabs.cloudgallery             D  Photo[1]: localId=1000009843, pathUri=content://media/external/images/media/1000009843, remoteId=null, photoType=png
2025-08-13 10:11:47.732 19133-19133 LocalViewModel          com.akslabs.cloudgallery             D  Photo[2]: localId=1000009842, pathUri=content://media/external/images/media/1000009842, remoteId=null, photoType=png
2025-08-13 10:11:47.732 19133-19133 LocalViewModel          com.akslabs.cloudgallery             D  Photo[3]: localId=1000009841, pathUri=content://media/external/images/media/1000009841, remoteId=null, photoType=png
2025-08-13 10:11:47.733 19133-19133 LocalViewModel          com.akslabs.cloudgallery             D  Photo[4]: localId=1000009768, pathUri=content://media/external/images/media/1000009768, remoteId=null, photoType=png
2025-08-13 10:11:47.733 19133-19133 LocalViewModel          com.akslabs.cloudgallery             D  Photo[5]: localId=1000009760, pathUri=content://media/external/images/media/1000009760, remoteId=null, photoType=png
2025-08-13 10:11:47.733 19133-19133 LocalViewModel          com.akslabs.cloudgallery             D  Photo[6]: localId=1000009759, pathUri=content://media/external/images/media/1000009759, remoteId=null, photoType=jpg
2025-08-13 10:11:47.733 19133-19133 LocalViewModel          com.akslabs.cloudgallery             D  Photo[7]: localId=1000009758, pathUri=content://media/external/images/media/1000009758, remoteId=null, photoType=png
2025-08-13 10:11:47.733 19133-19133 LocalViewModel          com.akslabs.cloudgallery             D  Photo[8]: localId=1000009757, pathUri=content://media/external/images/media/1000009757, remoteId=null, photoType=jpg
2025-08-13 10:11:47.733 19133-19133 LocalViewModel          com.akslabs.cloudgallery             D  Photo[9]: localId=1000009756, pathUri=content://media/external/images/media/1000009756, remoteId=null, photoType=jpg
2025-08-13 10:11:47.733 19133-19133 LocalViewModel          com.akslabs.cloudgallery             D  ... and 937 more records
2025-08-13 10:11:47.733 19133-19133 LocalViewModel          com.akslabs.cloudgallery             I  Testing Local PagingSource directly...
2025-08-13 10:11:47.734 19133-19133 LocalViewModel          com.akslabs.cloudgallery             D  Local PagingSource created: null
2025-08-13 10:11:47.734 19133-19133 LocalViewModel          com.akslabs.cloudgallery             I  Local total count flow created: SafeFlow
2025-08-13 10:11:47.734 19133-19133 LocalViewModel          com.akslabs.cloudgallery             I  === END LOCAL PHOTOS DATABASE DEBUG ===
2025-08-13 10:11:47.749 19133-19133 LocalPhotoGrid          com.akslabs.cloudgallery             E  🎯 === LOCAL PHOTO GRID COMPOSING ===
2025-08-13 10:11:47.782 19133-19133 LocalPhotoGrid          com.akslabs.cloudgallery             D  === LOCAL PHOTO GRID DEBUG ===
2025-08-13 10:11:47.782 19133-19133 LocalPhotoGrid          com.akslabs.cloudgallery             D  Total count from ViewModel: 947
2025-08-13 10:11:47.782 19133-19133 LocalPhotoGrid          com.akslabs.cloudgallery             D  LocalPhotos itemCount: 0
2025-08-13 10:11:47.782 19133-19133 LocalPhotoGrid          com.akslabs.cloudgallery             D  LoadState.refresh: Loading(endOfPaginationReached=false)
2025-08-13 10:11:47.782 19133-19133 LocalPhotoGrid          com.akslabs.cloudgallery             D  LoadState.append: NotLoading(endOfPaginationReached=false)
2025-08-13 10:11:47.782 19133-19133 LocalPhotoGrid          com.akslabs.cloudgallery             D  LoadState.prepend: NotLoading(endOfPaginationReached=false)
2025-08-13 10:11:47.782 19133-19133 LocalPhotoGrid          com.akslabs.cloudgallery             I  REFRESH is currently LOADING
2025-08-13 10:11:47.782 19133-19133 LocalPhotoGrid          com.akslabs.cloudgallery             W  LocalPhotos itemCount is 0!
2025-08-13 10:11:47.782 19133-19133 LocalPhotoGrid          com.akslabs.cloudgallery             D  === END LOCAL PHOTO GRID DEBUG ===
2025-08-13 10:11:47.792 19133-19133 LocalPhotoGrid          com.akslabs.cloudgallery             E  🎯 === LOCAL PHOTO GRID COMPOSING ===
2025-08-13 10:11:48.212 19133-25846 ContentValues           com.akslabs.cloudgallery             D  doWork: []
2025-08-13 10:11:48.212 19133-25846 Sync MediaStore         com.akslabs.cloudgallery             D  doWork: Success
2025-08-13 10:11:48.215 19133-25831 WM-WorkerWrapper        com.akslabs.cloudgallery             I  Worker result SUCCESS for Work [ id=b621111b-fdc2-4a43-af5c-473071a6b6e3, tags={ com.akslabs.cloudgallery.workers.SyncDbMediaStoreWorker } ]
2025-08-13 10:11:49.496 19133-25838 BackupHelper            com.akslabs.cloudgallery             I  ✅ Database backup uploaded successfully: BQACAgUAAyEGAASeEFIcAAIIwGicF404GaHQKYg400Rq6PJc850mAALXFgAC7TDgVKZtZkbwq9jbNgQ
2025-08-13 10:11:49.498 19133-25876 DailyDatabaseBackup     com.akslabs.cloudgallery             I  Daily database backup completed: Database uploaded to Telegram: database_2025-08-13_10-11-46.json
2025-08-13 10:11:49.501 19133-25828 WM-WorkerWrapper        com.akslabs.cloudgallery             I  Worker result SUCCESS for Work [ id=392be8a4-810a-4330-aac0-b4e555e9753e, tags={ com.akslabs.cloudgallery.workers.DailyDatabaseBackupWorker } ]
2025-08-13 10:11:50.222 19133-19133 LocalPhotoGrid          com.akslabs.cloudgallery             D  === LOCAL PHOTO GRID DEBUG ===
2025-08-13 10:11:50.222 19133-19133 LocalPhotoGrid          com.akslabs.cloudgallery             D  Total count from ViewModel: 947
2025-08-13 10:11:50.222 19133-19133 LocalPhotoGrid          com.akslabs.cloudgallery             D  LocalPhotos itemCount: 947
2025-08-13 10:11:50.222 19133-19133 LocalPhotoGrid          com.akslabs.cloudgallery             D  LoadState.refresh: NotLoading(endOfPaginationReached=false)
2025-08-13 10:11:50.222 19133-19133 LocalPhotoGrid          com.akslabs.cloudgallery             D  LoadState.append: NotLoading(endOfPaginationReached=false)
2025-08-13 10:11:50.222 19133-19133 LocalPhotoGrid          com.akslabs.cloudgallery             D  LoadState.prepend: NotLoading(endOfPaginationReached=true)
2025-08-13 10:11:50.222 19133-19133 LocalPhotoGrid          com.akslabs.cloudgallery             I  REFRESH completed successfully
2025-08-13 10:11:50.222 19133-19133 LocalPhotoGrid          com.akslabs.cloudgallery             I  Checking first 5 local photos with peek():
2025-08-13 10:11:50.222 19133-19133 LocalPhotoGrid          com.akslabs.cloudgallery             D  Photo[0] LOADED: localId=1000009844, pathUri=content://media/external/images/media/1000009844
2025-08-13 10:11:50.222 19133-19133 LocalPhotoGrid          com.akslabs.cloudgallery             D  Photo[1] LOADED: localId=1000009843, pathUri=content://media/external/images/media/1000009843
2025-08-13 10:11:50.222 19133-19133 LocalPhotoGrid          com.akslabs.cloudgallery             D  Photo[2] LOADED: localId=1000009842, pathUri=content://media/external/images/media/1000009842
2025-08-13 10:11:50.222 19133-19133 LocalPhotoGrid          com.akslabs.cloudgallery             D  Photo[3] LOADED: localId=1000009841, pathUri=content://media/external/images/media/1000009841
2025-08-13 10:11:50.222 19133-19133 LocalPhotoGrid          com.akslabs.cloudgallery             D  Photo[4] LOADED: localId=1000009768, pathUri=content://media/external/images/media/1000009768
2025-08-13 10:11:50.222 19133-19133 LocalPhotoGrid          com.akslabs.cloudgallery             I  Snapshot list size: 96
2025-08-13 10:11:50.222 19133-19133 LocalPhotoGrid          com.akslabs.cloudgallery             D  Snapshot[0]: localId=1000009844
2025-08-13 10:11:50.222 19133-19133 LocalPhotoGrid          com.akslabs.cloudgallery             D  Snapshot[1]: localId=1000009843
2025-08-13 10:11:50.223 19133-19133 LocalPhotoGrid          com.akslabs.cloudgallery             D  Snapshot[2]: localId=1000009842
2025-08-13 10:11:50.223 19133-19133 LocalPhotoGrid          com.akslabs.cloudgallery             D  === END LOCAL PHOTO GRID DEBUG ===
2025-08-13 10:11:50.252 19133-25870 HWUI                    com.akslabs.cloudgallery             I  Davey! duration=2490ms; Flags=0, FrameTimelineVsyncId=74720077, IntendedVsync=138486316620008, Vsync=138486349955566, InputEventId=0, HandleInputStart=138486359078993, AnimationStart=138486359081649, PerformTraversalsStart=138486417454826, DrawStart=138486417562274, FrameDeadline=138486366628845, FrameInterval=138486359068316, FrameStartTime=16667779, SyncQueued=138488793048783, SyncStart=138488793327013, IssueDrawCommandsStart=138488793657950, SwapBuffers=138488796006648, FrameCompleted=138488807079096, DequeueBufferDuration=17240, QueueBufferDuration=289844, GpuCompleted=138488807079096, SwapBuffersCompleted=138488796578575, DisplayPresentTime=50367081480192, CommandSubmissionCompleted=138488796006648, 
2025-08-13 10:11:50.317 19133-19133 LocalPhotoGrid          com.akslabs.cloudgallery             D  === LOCAL PHOTO ITEM RENDER ===
2025-08-13 10:11:50.317 19133-19133 LocalPhotoGrid          com.akslabs.cloudgallery             D  Index: 0
2025-08-13 10:11:50.317 19133-19133 LocalPhotoGrid          com.akslabs.cloudgallery             I  Item[0] RENDERING with data: localId=1000009844, pathUri=content://media/external/images/media/1000009844
2025-08-13 10:11:50.317 19133-19133 LocalPhotoGrid          com.akslabs.cloudgallery             D  === LOCAL PHOTO ITEM RENDER ===
2025-08-13 10:11:50.317 19133-19133 LocalPhotoGrid          com.akslabs.cloudgallery             D  Index: 1
2025-08-13 10:11:50.317 19133-19133 LocalPhotoGrid          com.akslabs.cloudgallery             I  Item[1] RENDERING with data: localId=1000009843, pathUri=content://media/external/images/media/1000009843
2025-08-13 10:11:50.318 19133-19133 LocalPhotoGrid          com.akslabs.cloudgallery             D  === LOCAL PHOTO ITEM RENDER ===
2025-08-13 10:11:50.318 19133-19133 LocalPhotoGrid          com.akslabs.cloudgallery             D  Index: 2
2025-08-13 10:11:50.318 19133-19133 LocalPhotoGrid          com.akslabs.cloudgallery             I  Item[2] RENDERING with data: localId=1000009842, pathUri=content://media/external/images/media/1000009842
2025-08-13 10:11:50.318 19133-19133 LocalPhotoGrid          com.akslabs.cloudgallery             D  === LOCAL PHOTO ITEM RENDER ===
2025-08-13 10:11:50.318 19133-19133 LocalPhotoGrid          com.akslabs.cloudgallery             D  Index: 3
2025-08-13 10:11:50.318 19133-19133 LocalPhotoGrid          com.akslabs.cloudgallery             I  Item[3] RENDERING with data: localId=1000009841, pathUri=content://media/external/images/media/1000009841
2025-08-13 10:11:50.318 19133-19133 LocalPhotoGrid          com.akslabs.cloudgallery             D  === LOCAL PHOTO ITEM RENDER ===
2025-08-13 10:11:50.318 19133-19133 LocalPhotoGrid          com.akslabs.cloudgallery             D  Index: 4
2025-08-13 10:11:50.318 19133-19133 LocalPhotoGrid          com.akslabs.cloudgallery             I  Item[4] RENDERING with data: localId=1000009768, pathUri=content://media/external/images/media/1000009768
2025-08-13 10:11:50.318 19133-19133 LocalPhotoGrid          com.akslabs.cloudgallery             D  === LOCAL PHOTO ITEM RENDER ===
2025-08-13 10:11:50.318 19133-19133 LocalPhotoGrid          com.akslabs.cloudgallery             D  Index: 5
2025-08-13 10:11:50.318 19133-19133 LocalPhotoGrid          com.akslabs.cloudgallery             I  Item[5] RENDERING with data: localId=1000009760, pathUri=content://media/external/images/media/1000009760
2025-08-13 10:11:50.318 19133-19133 LocalPhotoGrid          com.akslabs.cloudgallery             D  === LOCAL PHOTO ITEM RENDER ===
2025-08-13 10:11:50.318 19133-19133 LocalPhotoGrid          com.akslabs.cloudgallery             D  Index: 6
2025-08-13 10:11:50.318 19133-19133 LocalPhotoGrid          com.akslabs.cloudgallery             I  Item[6] RENDERING with data: localId=1000009759, pathUri=content://media/external/images/media/1000009759
2025-08-13 10:11:50.318 19133-19133 LocalPhotoGrid          com.akslabs.cloudgallery             D  === LOCAL PHOTO ITEM RENDER ===
2025-08-13 10:11:50.318 19133-19133 LocalPhotoGrid          com.akslabs.cloudgallery             D  Index: 7
2025-08-13 10:11:50.318 19133-19133 LocalPhotoGrid          com.akslabs.cloudgallery             I  Item[7] RENDERING with data: localId=1000009758, pathUri=content://media/external/images/media/1000009758
2025-08-13 10:11:50.318 19133-19133 LocalPhotoGrid          com.akslabs.cloudgallery             D  === LOCAL PHOTO ITEM RENDER ===
2025-08-13 10:11:50.318 19133-19133 LocalPhotoGrid          com.akslabs.cloudgallery             D  Index: 8
2025-08-13 10:11:50.319 19133-19133 LocalPhotoGrid          com.akslabs.cloudgallery             I  Item[8] RENDERING with data: localId=1000009757, pathUri=content://media/external/images/media/1000009757
2025-08-13 10:11:50.319 19133-19133 LocalPhotoGrid          com.akslabs.cloudgallery             D  === LOCAL PHOTO ITEM RENDER ===
2025-08-13 10:11:50.319 19133-19133 LocalPhotoGrid          com.akslabs.cloudgallery             D  Index: 9
2025-08-13 10:11:50.319 19133-19133 LocalPhotoGrid          com.akslabs.cloudgallery             I  Item[9] RENDERING with data: localId=1000009756, pathUri=content://media/external/images/media/1000009756
2025-08-13 10:11:50.319 19133-19133 LocalPhotoGrid          com.akslabs.cloudgallery             D  === LOCAL PHOTO ITEM RENDER ===
2025-08-13 10:11:50.319 19133-19133 LocalPhotoGrid          com.akslabs.cloudgallery             D  Index: 10
2025-08-13 10:11:50.319 19133-19133 LocalPhotoGrid          com.akslabs.cloudgallery             I  Item[10] RENDERING with data: localId=1000009755, pathUri=content://media/external/images/media/1000009755
2025-08-13 10:11:50.320 19133-19133 LocalPhotoGrid          com.akslabs.cloudgallery             D  === LOCAL PHOTO ITEM RENDER ===
2025-08-13 10:11:50.321 19133-19133 LocalPhotoGrid          com.akslabs.cloudgallery             D  Index: 11
2025-08-13 10:11:50.321 19133-19133 LocalPhotoGrid          com.akslabs.cloudgallery             I  Item[11] RENDERING with data: localId=1000009754, pathUri=content://media/external/images/media/1000009754
2025-08-13 10:11:50.321 19133-19133 LocalPhotoGrid          com.akslabs.cloudgallery             D  === LOCAL PHOTO ITEM RENDER ===
2025-08-13 10:11:50.321 19133-19133 LocalPhotoGrid          com.akslabs.cloudgallery             D  Index: 12
2025-08-13 10:11:50.321 19133-19133 LocalPhotoGrid          com.akslabs.cloudgallery             I  Item[12] RENDERING with data: localId=1000009753, pathUri=content://media/external/images/media/1000009753
2025-08-13 10:11:50.321 19133-19133 LocalPhotoGrid          com.akslabs.cloudgallery             D  === LOCAL PHOTO ITEM RENDER ===
2025-08-13 10:11:50.321 19133-19133 LocalPhotoGrid          com.akslabs.cloudgallery             D  Index: 13
2025-08-13 10:11:50.321 19133-19133 LocalPhotoGrid          com.akslabs.cloudgallery             I  Item[13] RENDERING with data: localId=1000009752, pathUri=content://media/external/images/media/1000009752
2025-08-13 10:11:50.321 19133-19133 LocalPhotoGrid          com.akslabs.cloudgallery             D  === LOCAL PHOTO ITEM RENDER ===
2025-08-13 10:11:50.321 19133-19133 LocalPhotoGrid          com.akslabs.cloudgallery             D  Index: 14
2025-08-13 10:11:50.321 19133-19133 LocalPhotoGrid          com.akslabs.cloudgallery             I  Item[14] RENDERING with data: localId=1000009751, pathUri=content://media/external/images/media/1000009751
2025-08-13 10:11:50.321 19133-19133 LocalPhotoGrid          com.akslabs.cloudgallery             D  === LOCAL PHOTO ITEM RENDER ===
2025-08-13 10:11:50.321 19133-19133 LocalPhotoGrid          com.akslabs.cloudgallery             D  Index: 15
2025-08-13 10:11:50.322 19133-19133 LocalPhotoGrid          com.akslabs.cloudgallery             I  Item[15] RENDERING with data: localId=1000009750, pathUri=content://media/external/images/media/1000009750
2025-08-13 10:11:50.322 19133-19133 LocalPhotoGrid          com.akslabs.cloudgallery             D  === LOCAL PHOTO ITEM RENDER ===
2025-08-13 10:11:50.322 19133-19133 LocalPhotoGrid          com.akslabs.cloudgallery             D  Index: 16
2025-08-13 10:11:50.322 19133-19133 LocalPhotoGrid          com.akslabs.cloudgallery             I  Item[16] RENDERING with data: localId=1000009749, pathUri=content://media/external/images/media/1000009749
2025-08-13 10:11:50.322 19133-19133 LocalPhotoGrid          com.akslabs.cloudgallery             D  === LOCAL PHOTO ITEM RENDER ===
2025-08-13 10:11:50.322 19133-19133 LocalPhotoGrid          com.akslabs.cloudgallery             D  Index: 17
2025-08-13 10:11:50.322 19133-19133 LocalPhotoGrid          com.akslabs.cloudgallery             I  Item[17] RENDERING with data: localId=1000009748, pathUri=content://media/external/images/media/1000009748
2025-08-13 10:11:50.322 19133-19133 LocalPhotoGrid          com.akslabs.cloudgallery             D  === LOCAL PHOTO ITEM RENDER ===
2025-08-13 10:11:50.322 19133-19133 LocalPhotoGrid          com.akslabs.cloudgallery             D  Index: 18
2025-08-13 10:11:50.322 19133-19133 LocalPhotoGrid          com.akslabs.cloudgallery             I  Item[18] RENDERING with data: localId=1000009747, pathUri=content://media/external/images/media/1000009747
2025-08-13 10:11:50.322 19133-19133 LocalPhotoGrid          com.akslabs.cloudgallery             D  === LOCAL PHOTO ITEM RENDER ===
2025-08-13 10:11:50.322 19133-19133 LocalPhotoGrid          com.akslabs.cloudgallery             D  Index: 19
2025-08-13 10:11:50.322 19133-19133 LocalPhotoGrid          com.akslabs.cloudgallery             I  Item[19] RENDERING with data: localId=1000009746, pathUri=content://media/external/images/media/1000009746
2025-08-13 10:11:50.322 19133-19133 LocalPhotoGrid          com.akslabs.cloudgallery             D  === LOCAL PHOTO ITEM RENDER ===
2025-08-13 10:11:50.322 19133-19133 LocalPhotoGrid          com.akslabs.cloudgallery             D  Index: 20
2025-08-13 10:11:50.322 19133-19133 LocalPhotoGrid          com.akslabs.cloudgallery             I  Item[20] RENDERING with data: localId=1000009745, pathUri=content://media/external/images/media/1000009745
2025-08-13 10:11:50.322 19133-19133 LocalPhotoGrid          com.akslabs.cloudgallery             D  === LOCAL PHOTO ITEM RENDER ===
2025-08-13 10:11:50.322 19133-19133 LocalPhotoGrid          com.akslabs.cloudgallery             D  Index: 21
2025-08-13 10:11:50.322 19133-19133 LocalPhotoGrid          com.akslabs.cloudgallery             I  Item[21] RENDERING with data: localId=1000009744, pathUri=content://media/external/images/media/1000009744
2025-08-13 10:11:50.322 19133-19133 LocalPhotoGrid          com.akslabs.cloudgallery             D  === LOCAL PHOTO ITEM RENDER ===
2025-08-13 10:11:50.323 19133-19133 LocalPhotoGrid          com.akslabs.cloudgallery             D  Index: 22
2025-08-13 10:11:50.323 19133-19133 LocalPhotoGrid          com.akslabs.cloudgallery             I  Item[22] RENDERING with data: localId=1000009743, pathUri=content://media/external/images/media/1000009743
2025-08-13 10:11:50.323 19133-19133 LocalPhotoGrid          com.akslabs.cloudgallery             D  === LOCAL PHOTO ITEM RENDER ===
2025-08-13 10:11:50.323 19133-19133 LocalPhotoGrid          com.akslabs.cloudgallery             D  Index: 23
2025-08-13 10:11:50.323 19133-19133 LocalPhotoGrid          com.akslabs.cloudgallery             I  Item[23] RENDERING with data: localId=1000009742, pathUri=content://media/external/images/media/1000009742
2025-08-13 10:11:50.323 19133-19133 LocalPhotoGrid          com.akslabs.cloudgallery             D  === LOCAL PHOTO ITEM RENDER ===
2025-08-13 10:11:50.323 19133-19133 LocalPhotoGrid          com.akslabs.cloudgallery             D  Index: 24
2025-08-13 10:11:50.323 19133-19133 LocalPhotoGrid          com.akslabs.cloudgallery             I  Item[24] RENDERING with data: localId=1000009741, pathUri=content://media/external/images/media/1000009741
2025-08-13 10:11:50.323 19133-19133 LocalPhotoGrid          com.akslabs.cloudgallery             D  === LOCAL PHOTO ITEM RENDER ===
2025-08-13 10:11:50.323 19133-19133 LocalPhotoGrid          com.akslabs.cloudgallery             D  Index: 25
2025-08-13 10:11:50.323 19133-19133 LocalPhotoGrid          com.akslabs.cloudgallery             I  Item[25] RENDERING with data: localId=1000009740, pathUri=content://media/external/images/media/1000009740
2025-08-13 10:11:50.323 19133-19133 LocalPhotoGrid          com.akslabs.cloudgallery             D  === LOCAL PHOTO ITEM RENDER ===
2025-08-13 10:11:50.323 19133-19133 LocalPhotoGrid          com.akslabs.cloudgallery             D  Index: 26
2025-08-13 10:11:50.323 19133-19133 LocalPhotoGrid          com.akslabs.cloudgallery             I  Item[26] RENDERING with data: localId=1000009739, pathUri=content://media/external/images/media/1000009739
2025-08-13 10:11:50.323 19133-19133 LocalPhotoGrid          com.akslabs.cloudgallery             D  === LOCAL PHOTO ITEM RENDER ===
2025-08-13 10:11:50.323 19133-19133 LocalPhotoGrid          com.akslabs.cloudgallery             D  Index: 27
2025-08-13 10:11:50.323 19133-19133 LocalPhotoGrid          com.akslabs.cloudgallery             I  Item[27] RENDERING with data: localId=1000009738, pathUri=content://media/external/images/media/1000009738
2025-08-13 10:11:50.323 19133-19133 LocalPhotoGrid          com.akslabs.cloudgallery             D  === LOCAL PHOTO ITEM RENDER ===
2025-08-13 10:11:50.323 19133-19133 LocalPhotoGrid          com.akslabs.cloudgallery             D  Index: 28
2025-08-13 10:11:50.323 19133-19133 LocalPhotoGrid          com.akslabs.cloudgallery             I  Item[28] RENDERING with data: localId=1000009736, pathUri=content://media/external/images/media/1000009736
2025-08-13 10:11:50.323 19133-19133 LocalPhotoGrid          com.akslabs.cloudgallery             D  === LOCAL PHOTO ITEM RENDER ===
2025-08-13 10:11:50.324 19133-19133 LocalPhotoGrid          com.akslabs.cloudgallery             D  Index: 29
2025-08-13 10:11:50.324 19133-19133 LocalPhotoGrid          com.akslabs.cloudgallery             I  Item[29] RENDERING with data: localId=1000009725, pathUri=content://media/external/images/media/1000009725
2025-08-13 10:11:50.324 19133-19133 LocalPhotoGrid          com.akslabs.cloudgallery             D  === LOCAL PHOTO ITEM RENDER ===
2025-08-13 10:11:50.324 19133-19133 LocalPhotoGrid          com.akslabs.cloudgallery             D  Index: 30
2025-08-13 10:11:50.324 19133-19133 LocalPhotoGrid          com.akslabs.cloudgallery             I  Item[30] RENDERING with data: localId=1000009724, pathUri=content://media/external/images/media/1000009724
2025-08-13 10:11:50.324 19133-19133 LocalPhotoGrid          com.akslabs.cloudgallery             D  === LOCAL PHOTO ITEM RENDER ===
2025-08-13 10:11:50.324 19133-19133 LocalPhotoGrid          com.akslabs.cloudgallery             D  Index: 31
2025-08-13 10:11:50.324 19133-19133 LocalPhotoGrid          com.akslabs.cloudgallery             I  Item[31] RENDERING with data: localId=1000009723, pathUri=content://media/external/images/media/1000009723
2025-08-13 10:11:50.324 19133-19133 LocalPhotoGrid          com.akslabs.cloudgallery             D  === LOCAL PHOTO ITEM RENDER ===
2025-08-13 10:11:50.324 19133-19133 LocalPhotoGrid          com.akslabs.cloudgallery             D  Index: 32
2025-08-13 10:11:50.324 19133-19133 LocalPhotoGrid          com.akslabs.cloudgallery             I  Item[32] RENDERING with data: localId=1000009722, pathUri=content://media/external/images/media/1000009722
2025-08-13 10:11:50.324 19133-19133 LocalPhotoGrid          com.akslabs.cloudgallery             D  === LOCAL PHOTO ITEM RENDER ===
2025-08-13 10:11:50.324 19133-19133 LocalPhotoGrid          com.akslabs.cloudgallery             D  Index: 33
2025-08-13 10:11:50.324 19133-19133 LocalPhotoGrid          com.akslabs.cloudgallery             I  Item[33] RENDERING with data: localId=1000009721, pathUri=content://media/external/images/media/1000009721
2025-08-13 10:11:50.324 19133-19133 LocalPhotoGrid          com.akslabs.cloudgallery             D  === LOCAL PHOTO ITEM RENDER ===
2025-08-13 10:11:50.324 19133-19133 LocalPhotoGrid          com.akslabs.cloudgallery             D  Index: 34
2025-08-13 10:11:50.324 19133-19133 LocalPhotoGrid          com.akslabs.cloudgallery             I  Item[34] RENDERING with data: localId=1000009720, pathUri=content://media/external/images/media/1000009720
2025-08-13 10:11:50.324 19133-19133 LocalPhotoGrid          com.akslabs.cloudgallery             D  === LOCAL PHOTO ITEM RENDER ===
2025-08-13 10:11:50.324 19133-19133 LocalPhotoGrid          com.akslabs.cloudgallery             D  Index: 35
2025-08-13 10:11:50.324 19133-19133 LocalPhotoGrid          com.akslabs.cloudgallery             I  Item[35] RENDERING with data: localId=1000009605, pathUri=content://media/external/images/media/1000009605
2025-08-13 10:11:50.324 19133-19133 LocalPhotoGrid          com.akslabs.cloudgallery             D  === LOCAL PHOTO ITEM RENDER ===
2025-08-13 10:11:50.325 19133-19133 LocalPhotoGrid          com.akslabs.cloudgallery             D  Index: 36
2025-08-13 10:11:50.325 19133-19133 LocalPhotoGrid          com.akslabs.cloudgallery             I  Item[36] RENDERING with data: localId=1000009604, pathUri=content://media/external/images/media/1000009604
2025-08-13 10:11:50.325 19133-19133 LocalPhotoGrid          com.akslabs.cloudgallery             D  === LOCAL PHOTO ITEM RENDER ===
2025-08-13 10:11:50.325 19133-19133 LocalPhotoGrid          com.akslabs.cloudgallery             D  Index: 37
2025-08-13 10:11:50.325 19133-19133 LocalPhotoGrid          com.akslabs.cloudgallery             I  Item[37] RENDERING with data: localId=1000009544, pathUri=content://media/external/images/media/1000009544
2025-08-13 10:11:50.325 19133-19133 LocalPhotoGrid          com.akslabs.cloudgallery             D  === LOCAL PHOTO ITEM RENDER ===
2025-08-13 10:11:50.325 19133-19133 LocalPhotoGrid          com.akslabs.cloudgallery             D  Index: 38
2025-08-13 10:11:50.325 19133-19133 LocalPhotoGrid          com.akslabs.cloudgallery             I  Item[38] RENDERING with data: localId=1000009538, pathUri=content://media/external/images/media/1000009538
2025-08-13 10:11:50.325 19133-19133 LocalPhotoGrid          com.akslabs.cloudgallery             D  === LOCAL PHOTO ITEM RENDER ===
2025-08-13 10:11:50.325 19133-19133 LocalPhotoGrid          com.akslabs.cloudgallery             D  Index: 39
2025-08-13 10:11:50.325 19133-19133 LocalPhotoGrid          com.akslabs.cloudgallery             I  Item[39] RENDERING with data: localId=1000009532, pathUri=content://media/external/images/media/1000009532
2025-08-13 10:11:50.325 19133-19133 LocalPhotoGrid          com.akslabs.cloudgallery             D  === LOCAL PHOTO ITEM RENDER ===
2025-08-13 10:11:50.325 19133-19133 LocalPhotoGrid          com.akslabs.cloudgallery             D  Index: 40
2025-08-13 10:11:50.325 19133-19133 LocalPhotoGrid          com.akslabs.cloudgallery             I  Item[40] RENDERING with data: localId=1000009314, pathUri=content://media/external/images/media/1000009314
2025-08-13 10:11:50.325 19133-19133 LocalPhotoGrid          com.akslabs.cloudgallery             D  === LOCAL PHOTO ITEM RENDER ===
2025-08-13 10:11:50.325 19133-19133 LocalPhotoGrid          com.akslabs.cloudgallery             D  Index: 41
2025-08-13 10:11:50.325 19133-19133 LocalPhotoGrid          com.akslabs.cloudgallery             I  Item[41] RENDERING with data: localId=1000009284, pathUri=content://media/external/images/media/1000009284
2025-08-13 10:11:50.325 19133-19133 LocalPhotoGrid          com.akslabs.cloudgallery             D  === LOCAL PHOTO ITEM RENDER ===
2025-08-13 10:11:50.325 19133-19133 LocalPhotoGrid          com.akslabs.cloudgallery             D  Index: 42
