--------- beginning of system
--------- beginning of main
2025-08-12 21:16:07.841 23853-23853 bs.cloudgallery         com.akslabs.cloudgallery             I  Late-enabling -Xcheck:jni
2025-08-12 21:16:07.888 23853-23853 bs.cloudgallery         com.akslabs.cloudgallery             I  Using CollectorTypeCC GC.
2025-08-12 21:16:07.937 23853-23853 nativeloader            com.akslabs.cloudgallery             D  Load libframework-connectivity-tiramisu-jni.so using APEX ns com_android_tethering for caller /apex/com.android.tethering/javalib/framework-connectivity-t.jar: ok
2025-08-12 21:16:07.989 23853-23853 re-initialized>         com.akslabs.cloudgallery             W  type=1400 audit(0.0:8729): avc:  granted  { execute } for  path="/data/data/com.akslabs.cloudgallery/code_cache/startup_agents/b13c65d9-agent.so" dev="mmcblk0p61" ino=282303 scontext=u:r:untrusted_app:s0:c44,c259,c512,c768 tcontext=u:object_r:app_data_file:s0:c44,c259,c512,c768 tclass=file app=tw.nekomimi.nekogram
2025-08-12 21:16:08.001 23853-23853 nativeloader            com.akslabs.cloudgallery             D  Load /data/user/0/com.akslabs.cloudgallery/code_cache/startup_agents/b13c65d9-agent.so using system ns (caller=<unknown>): ok
2025-08-12 21:16:08.018 23853-23853 bs.cloudgallery         com.akslabs.cloudgallery             W  DexFile /data/data/com.akslabs.cloudgallery/code_cache/.studio/instruments-462f9421.jar is in boot class path but is not in a known location
2025-08-12 21:16:08.198 23853-23853 bs.cloudgallery         com.akslabs.cloudgallery             W  Redefining intrinsic method java.lang.Thread java.lang.Thread.currentThread(). This may cause the unexpected use of the original definition of java.lang.Thread java.lang.Thread.currentThread()in methods that have already been compiled.
2025-08-12 21:16:08.198 23853-23853 bs.cloudgallery         com.akslabs.cloudgallery             W  Redefining intrinsic method boolean java.lang.Thread.interrupted(). This may cause the unexpected use of the original definition of boolean java.lang.Thread.interrupted()in methods that have already been compiled.
2025-08-12 21:16:08.268 23853-23853 ApplicationLoaders      com.akslabs.cloudgallery             D  Returning zygote-cached class loader: /system_ext/framework/androidx.window.extensions.jar
2025-08-12 21:16:08.268 23853-23853 ApplicationLoaders      com.akslabs.cloudgallery             D  Returning zygote-cached class loader: /system_ext/framework/androidx.window.sidecar.jar
2025-08-12 21:16:08.297 23853-23853 ziparchive              com.akslabs.cloudgallery             W  Unable to open '/data/data/com.akslabs.cloudgallery/code_cache/.overlay/base.apk/classes12.dm': No such file or directory
2025-08-12 21:16:08.299 23853-23853 ziparchive              com.akslabs.cloudgallery             W  Unable to open '/data/data/com.akslabs.cloudgallery/code_cache/.overlay/base.apk/classes14.dm': No such file or directory
2025-08-12 21:16:08.304 23853-23853 ziparchive              com.akslabs.cloudgallery             W  Unable to open '/data/data/com.akslabs.cloudgallery/code_cache/.overlay/base.apk/classes5.dm': No such file or directory
2025-08-12 21:16:08.311 23853-23853 ziparchive              com.akslabs.cloudgallery             W  Unable to open '/data/data/com.akslabs.cloudgallery/code_cache/.overlay/base.apk/classes6.dm': No such file or directory
2025-08-12 21:16:08.318 23853-23853 ziparchive              com.akslabs.cloudgallery             W  Unable to open '/data/app/~~wiTnRMMtAhqZJtP8yZB06Q==/com.akslabs.cloudgallery-jVXlUrFajJvLrcpWs8O6tA==/base.dm': No such file or directory
2025-08-12 21:16:08.318 23853-23853 ziparchive              com.akslabs.cloudgallery             W  Unable to open '/data/app/~~wiTnRMMtAhqZJtP8yZB06Q==/com.akslabs.cloudgallery-jVXlUrFajJvLrcpWs8O6tA==/base.dm': No such file or directory
2025-08-12 21:16:09.133 23853-23853 nativeloader            com.akslabs.cloudgallery             D  Configuring clns-7 for other apk /data/app/~~wiTnRMMtAhqZJtP8yZB06Q==/com.akslabs.cloudgallery-jVXlUrFajJvLrcpWs8O6tA==/base.apk. target_sdk_version=34, uses_libraries=, library_path=/data/app/~~wiTnRMMtAhqZJtP8yZB06Q==/com.akslabs.cloudgallery-jVXlUrFajJvLrcpWs8O6tA==/lib/arm64:/data/app/~~wiTnRMMtAhqZJtP8yZB06Q==/com.akslabs.cloudgallery-jVXlUrFajJvLrcpWs8O6tA==/base.apk!/lib/arm64-v8a, permitted_path=/data:/mnt/expand:/data/user/0/com.akslabs.cloudgallery
2025-08-12 21:16:09.177 23853-23853 GraphicsEnvironment     com.akslabs.cloudgallery             V  Currently set values for:
2025-08-12 21:16:09.177 23853-23853 GraphicsEnvironment     com.akslabs.cloudgallery             V    angle_gl_driver_selection_pkgs=[com.android.angle, com.linecorp.b612.android, com.campmobile.snow, com.google.android.apps.tachyon]
2025-08-12 21:16:09.177 23853-23853 GraphicsEnvironment     com.akslabs.cloudgallery             V    angle_gl_driver_selection_values=[angle, native, native, native]
2025-08-12 21:16:09.177 23853-23853 GraphicsEnvironment     com.akslabs.cloudgallery             V  com.akslabs.cloudgallery is not listed in per-application setting
2025-08-12 21:16:09.177 23853-23853 GraphicsEnvironment     com.akslabs.cloudgallery             V  Neither updatable production driver nor prerelease driver is supported.
2025-08-12 21:16:09.210 23853-23853 WM-WrkMgrInitializer    com.akslabs.cloudgallery             D  Initializing WorkManager with default configuration.
2025-08-12 21:16:09.309 23853-23853 WM-PackageManagerHelper com.akslabs.cloudgallery             D  Skipping component enablement for androidx.work.impl.background.systemjob.SystemJobService
2025-08-12 21:16:09.310 23853-23853 WM-Schedulers           com.akslabs.cloudgallery             D  Created SystemJobScheduler and enabled SystemJobService
2025-08-12 21:16:09.671 23853-23853 EngineFactory           com.akslabs.cloudgallery             I  Provider GmsCore_OpenSSL not available
2025-08-12 21:16:09.698 23853-23853 ImageLoaderModule       com.akslabs.cloudgallery             I  === INITIALIZING IMAGE LOADERS ===
2025-08-12 21:16:09.841 23853-23853 ImageLoaderModule       com.akslabs.cloudgallery             D  Created OkHttpClient with 30s connect, 60s read/write timeouts
2025-08-12 21:16:09.841 23853-23853 ImageLoaderModule       com.akslabs.cloudgallery             D  Creating remoteImageLoader...
2025-08-12 21:16:09.844 23853-23853 ImageLoaderModule       com.akslabs.cloudgallery             I  remoteImageLoader created successfully
2025-08-12 21:16:09.844 23853-23853 ImageLoaderModule       com.akslabs.cloudgallery             D  Creating thumbnailImageLoader...
2025-08-12 21:16:09.844 23853-23853 ImageLoaderModule       com.akslabs.cloudgallery             I  thumbnailImageLoader created successfully
2025-08-12 21:16:09.844 23853-23853 ImageLoaderModule       com.akslabs.cloudgallery             I  === IMAGE LOADERS INITIALIZATION COMPLETE ===
2025-08-12 21:16:09.844 23853-23853 ImageLoaderModule       com.akslabs.cloudgallery             I  Available loaders:
2025-08-12 21:16:09.844 23853-23853 ImageLoaderModule       com.akslabs.cloudgallery             I  - defaultImageLoader: ✓
2025-08-12 21:16:09.844 23853-23853 ImageLoaderModule       com.akslabs.cloudgallery             I  - remoteImageLoader: ✓
2025-08-12 21:16:09.845 23853-23853 ImageLoaderModule       com.akslabs.cloudgallery             I  - thumbnailImageLoader: ✓
2025-08-12 21:16:09.976 23853-23853 Choreographer           com.akslabs.cloudgallery             I  Skipped 36 frames!  The application may be doing too much work on its main thread.
2025-08-12 21:16:10.112 23853-23877 DatabaseDebugHelper     com.akslabs.cloudgallery             I  === DATABASE DEBUG REPORT ===
2025-08-12 21:16:10.131 23853-23853 MainActivity            com.akslabs.cloudgallery             W  Invalid sync timestamp format, resetting to 0
                                                                                                    java.lang.ClassCastException: java.lang.String cannot be cast to java.lang.Long
                                                                                                    	at android.app.SharedPreferencesImpl.getLong(SharedPreferencesImpl.java:337)
                                                                                                    	at com.akslabs.cloudgallery.data.localdb.Preferences.getLong(Preferences.kt:55)
                                                                                                    	at com.akslabs.cloudgallery.ui.MainActivity$initializeCloudPhotoSync$1.invokeSuspend(MainActivity.kt:167)
                                                                                                    	at kotlin.coroutines.jvm.internal.BaseContinuationImpl.resumeWith(ContinuationImpl.kt:33)
                                                                                                    	at kotlinx.coroutines.internal.DispatchedContinuationKt.resumeCancellableWith(DispatchedContinuation.kt:363)
                                                                                                    	at kotlinx.coroutines.intrinsics.CancellableKt.startCoroutineCancellable(Cancellable.kt:26)
                                                                                                    	at kotlinx.coroutines.intrinsics.CancellableKt.startCoroutineCancellable$default(Cancellable.kt:21)
                                                                                                    	at kotlinx.coroutines.CoroutineStart.invoke(CoroutineStart.kt:88)
                                                                                                    	at kotlinx.coroutines.AbstractCoroutine.start(AbstractCoroutine.kt:123)
                                                                                                    	at kotlinx.coroutines.BuildersKt__Builders_commonKt.launch(Builders.common.kt:52)
                                                                                                    	at kotlinx.coroutines.BuildersKt.launch(Unknown Source:1)
                                                                                                    	at kotlinx.coroutines.BuildersKt__Builders_commonKt.launch$default(Builders.common.kt:43)
                                                                                                    	at kotlinx.coroutines.BuildersKt.launch$default(Unknown Source:1)
                                                                                                    	at com.akslabs.cloudgallery.ui.MainActivity.initializeCloudPhotoSync(MainActivity.kt:156)
                                                                                                    	at com.akslabs.cloudgallery.ui.MainActivity.onCreate(MainActivity.kt:55)
                                                                                                    	at android.app.Activity.performCreate(Activity.java:9019)
                                                                                                    	at android.app.Activity.performCreate(Activity.java:8997)
                                                                                                    	at android.app.Instrumentation.callActivityOnCreate(Instrumentation.java:1530)
                                                                                                    	at android.app.ActivityThread.performLaunchActivity(ActivityThread.java:4111)
                                                                                                    	at android.app.ActivityThread.handleLaunchActivity(ActivityThread.java:4316)
                                                                                                    	at android.app.servertransaction.LaunchActivityItem.execute(LaunchActivityItem.java:222)
                                                                                                    	at android.app.servertransaction.TransactionExecutor.executeNonLifecycleItem(TransactionExecutor.java:133)
                                                                                                    	at android.app.servertransaction.TransactionExecutor.executeTransactionItems(TransactionExecutor.java:103)
                                                                                                    	at android.app.servertransaction.TransactionExecutor.execute(TransactionExecutor.java:80)
                                                                                                    	at android.app.ActivityThread$H.handleMessage(ActivityThread.java:2719)
                                                                                                    	at android.os.Handler.dispatchMessage(Handler.java:109)
                                                                                                    	at android.os.Looper.loopOnce(Looper.java:232)
                                                                                                    	at android.os.Looper.loop(Looper.java:317)
                                                                                                    	at android.app.ActivityThread.main(ActivityThread.java:8782)
                                                                                                    	at java.lang.reflect.Method.invoke(Native Method)
                                                                                                    	at com.android.internal.os.RuntimeInit$MethodAndArgsCaller.run(RuntimeInit.java:595)
                                                                                                    	at com.android.internal.os.ZygoteInit.main(ZygoteInit.java:871)
2025-08-12 21:16:10.141 23853-23877 DatabaseDebugHelper     com.akslabs.cloudgallery             I  Database version: 4
2025-08-12 21:16:10.169 23853-23853 DesktopModeFlagsUtil    com.akslabs.cloudgallery             D  Toggle override initialized to: OVERRIDE_UNSET
2025-08-12 21:16:10.195 23853-23879 DatabaseDebugHelper     com.akslabs.cloudgallery             I  Record counts:
2025-08-12 21:16:10.195 23853-23879 DatabaseDebugHelper     com.akslabs.cloudgallery             I    Total photos: 943
2025-08-12 21:16:10.195 23853-23879 DatabaseDebugHelper     com.akslabs.cloudgallery             I    Photos with remoteId: 1
2025-08-12 21:16:10.195 23853-23879 DatabaseDebugHelper     com.akslabs.cloudgallery             I    Total remote photos: 1
2025-08-12 21:16:10.195 23853-23879 DatabaseDebugHelper     com.akslabs.cloudgallery             I  Sample uploaded photos:
2025-08-12 21:16:10.195 23853-23879 DatabaseDebugHelper     com.akslabs.cloudgallery             I    Photo: localId=1000009071, remoteId=BQACAgUAAyEGAASeEFIcAAIIv2ibV7vosK9RIOpe3J32wlOShb3xAAKuFAACMD_hVIU9jX-FnRurNgQ, type=png
2025-08-12 21:16:10.195 23853-23879 DatabaseDebugHelper     com.akslabs.cloudgallery             I  Sample remote photos:
2025-08-12 21:16:10.195 23853-23879 DatabaseDebugHelper     com.akslabs.cloudgallery             I    RemotePhoto: remoteId=BQACAgUAAyEGAASeEFIcAAIIv2ibV7vosK9RIOpe3J32wlOShb3xAAKuFAACMD_hVIU9jX-FnRurNgQ, type=png, fileName=59001581396751298263367404095608898552.png
2025-08-12 21:16:10.195 23853-23879 DatabaseDebugHelper     com.akslabs.cloudgallery             I  === END DATABASE DEBUG REPORT ===
2025-08-12 21:16:10.645 23853-23859 bs.cloudgallery         com.akslabs.cloudgallery             I  Compiler allocated 4431KB to compile void android.view.ViewRootImpl.performTraversals()
2025-08-12 21:16:10.863 23853-23853 bs.cloudgallery         com.akslabs.cloudgallery             W  Method boolean androidx.compose.runtime.snapshots.SnapshotStateList.conditionalUpdate(boolean, kotlin.jvm.functions.Function1) failed lock verification and will run slower.
                                                                                                    Common causes for lock verification issues are non-optimized dex code
                                                                                                    and incorrect proguard optimizations.
2025-08-12 21:16:10.863 23853-23853 bs.cloudgallery         com.akslabs.cloudgallery             W  Method boolean androidx.compose.runtime.snapshots.SnapshotStateList.conditionalUpdate$default(androidx.compose.runtime.snapshots.SnapshotStateList, boolean, kotlin.jvm.functions.Function1, int, java.lang.Object) failed lock verification and will run slower.
2025-08-12 21:16:10.863 23853-23853 bs.cloudgallery         com.akslabs.cloudgallery             W  Method java.lang.Object androidx.compose.runtime.snapshots.SnapshotStateList.mutate(kotlin.jvm.functions.Function1) failed lock verification and will run slower.
2025-08-12 21:16:10.864 23853-23853 bs.cloudgallery         com.akslabs.cloudgallery             W  Method void androidx.compose.runtime.snapshots.SnapshotStateList.update(boolean, kotlin.jvm.functions.Function1) failed lock verification and will run slower.
2025-08-12 21:16:10.864 23853-23853 bs.cloudgallery         com.akslabs.cloudgallery             W  Method void androidx.compose.runtime.snapshots.SnapshotStateList.update$default(androidx.compose.runtime.snapshots.SnapshotStateList, boolean, kotlin.jvm.functions.Function1, int, java.lang.Object) failed lock verification and will run slower.
2025-08-12 21:16:11.450 23853-23853 LocalViewModel          com.akslabs.cloudgallery             E  🚀 === LOCAL VIEW MODEL INITIALIZED ===
2025-08-12 21:16:11.451 23853-23853 LocalViewModel          com.akslabs.cloudgallery             I  === LOCAL PHOTOS DATABASE DEBUG ===
2025-08-12 21:16:11.472 23853-23853 LocalViewModel          com.akslabs.cloudgallery             D  === CREATING NEW LOCAL PAGING SOURCE ===
2025-08-12 21:16:11.472 23853-23853 LocalViewModel          com.akslabs.cloudgallery             D  PageSize: 32, PrefetchDistance: 160, JumpThreshold: 160
2025-08-12 21:16:11.474 23853-23853 LocalViewModel          com.akslabs.cloudgallery             D  Local PagingSource created: null
2025-08-12 21:16:11.489 23853-23853 LocalViewModel          com.akslabs.cloudgallery             E  📄 New PagingData received in LocalViewModel
2025-08-12 21:16:11.491 23853-23853 LocalViewModel          com.akslabs.cloudgallery             E  📊 Local photos count updated: 0
2025-08-12 21:16:11.509 23853-23853 LocalPhotoGrid          com.akslabs.cloudgallery             E  🎯 === LOCAL PHOTO GRID COMPOSING ===
2025-08-12 21:16:11.598 23853-23874 AdrenoGLES-0            com.akslabs.cloudgallery             I  QUALCOMM build                   : 95db91f, Ifbc588260a
                                                                                                    Build Date                       : 09/24/20
                                                                                                    OpenGL ES Shader Compiler Version: EV031.32.02.01
                                                                                                    Local Branch                     : mybrancheafe5b6d-fb5b-f1b0-b904-5cb90179c3e0
                                                                                                    Remote Branch                    : quic/gfx-adreno.lnx.1.0.r114-rel
                                                                                                    Remote Branch                    : NONE
                                                                                                    Reconstruct Branch               : NOTHING
2025-08-12 21:16:11.598 23853-23874 AdrenoGLES-0            com.akslabs.cloudgallery             I  Build Config                     : S P 10.0.7 AArch64
2025-08-12 21:16:11.598 23853-23874 AdrenoGLES-0            com.akslabs.cloudgallery             I  Driver Path                      : /vendor/lib64/egl/libGLESv2_adreno.so
2025-08-12 21:16:11.617 23853-23853 LocalPhotoGrid          com.akslabs.cloudgallery             E  🎯 === LOCAL PHOTO GRID COMPOSING ===
2025-08-12 21:16:11.618 23853-23874 AdrenoGLES-0            com.akslabs.cloudgallery             I  PFP: 0x016ee190, ME: 0x00000000
2025-08-12 21:16:11.679 23853-23891 Gralloc4                com.akslabs.cloudgallery             I  mapper 4.x is not supported
2025-08-12 21:16:11.680 23853-23891 Gralloc3                com.akslabs.cloudgallery             W  mapper 3.x is not supported
2025-08-12 21:16:11.687 23853-23891 Gralloc2                com.akslabs.cloudgallery             I  Adding additional valid usage bits: 0x8202000
2025-08-12 21:16:11.727 23853-23879 CloudPhotoSyncWorker    com.akslabs.cloudgallery             I  === CLOUD PHOTO SYNC WORKER STARTED ===
2025-08-12 21:16:11.739 23853-23873 WM-Processor            com.akslabs.cloudgallery             I  Moving WorkSpec (a565079e-ca11-4de3-b93b-1661b3131310) to the foreground
2025-08-12 21:16:11.745 23853-23864 HWUI                    com.akslabs.cloudgallery             I  Davey! duration=1425ms; Flags=1, FrameTimelineVsyncId=66975360, IntendedVsync=123123794036251, Vsync=123123794036251, InputEventId=0, HandleInputStart=123123810352874, AnimationStart=123123810355218, PerformTraversalsStart=123123810356155, DrawStart=123125168594957, FrameDeadline=123123810702917, FrameInterval=123123810343551, FrameStartTime=16666817, SyncQueued=123125202891363, SyncStart=123125203263342, IssueDrawCommandsStart=123125204107561, SwapBuffers=123125217320165, FrameCompleted=123125220272248, DequeueBufferDuration=17552, QueueBufferDuration=401614, GpuCompleted=123125220272248, SwapBuffersCompleted=123125218588238, DisplayPresentTime=18013092839424, CommandSubmissionCompleted=123125217320165, 
2025-08-12 21:16:11.763 23853-23879 CloudPhotoSyncService   com.akslabs.cloudgallery             I  === STARTING FULL CLOUD PHOTO SYNC ===
2025-08-12 21:16:11.769 23853-23879 CloudPhotoSyncService   com.akslabs.cloudgallery             D  Found configured group/channel ID: -1002651869724
2025-08-12 21:16:11.769 23853-23878 CloudPhotoSyncService   com.akslabs.cloudgallery             I  Syncing with channel ID: -1002651869724
2025-08-12 21:16:11.769 23853-23878 CloudPhotoSyncService   com.akslabs.cloudgallery             W  ⚠️  TELEGRAM BOT API LIMITATION:
2025-08-12 21:16:11.769 23853-23878 CloudPhotoSyncService   com.akslabs.cloudgallery             W  Bot API can only access messages from the last 24 hours
2025-08-12 21:16:11.769 23853-23878 CloudPhotoSyncService   com.akslabs.cloudgallery             W  Historical images older than 24 hours cannot be retrieved via Bot API
2025-08-12 21:16:11.769 23853-23878 CloudPhotoSyncService   com.akslabs.cloudgallery             W  This is a Telegram platform limitation, not an app bug
2025-08-12 21:16:11.770 23853-23878 CloudPhotoSyncService   com.akslabs.cloudgallery             D  Last sync: 0, Current: 1755013571770, Should sync: true
2025-08-12 21:16:11.773 23853-23877 CloudPhotoSyncService   com.akslabs.cloudgallery             I  Current database has 1 RemotePhoto records
2025-08-12 21:16:11.773 23853-23877 CloudPhotoSyncService   com.akslabs.cloudgallery             I  Performing incremental sync
2025-08-12 21:16:11.775 23853-23877 Historical...eDiscovery com.akslabs.cloudgallery             I  === STARTING HISTORICAL IMAGE DISCOVERY ===
2025-08-12 21:16:11.776 23853-23877 Historical...eDiscovery com.akslabs.cloudgallery             I  Channel ID: -1002651869724
2025-08-12 21:16:11.776 23853-23877 Historical...eDiscovery com.akslabs.cloudgallery             I  Config: ScanConfig(channelId=-1002651869724, batchSize=100, maxFiles=1000, includePhotos=true, includeDocuments=true, includeVideos=true)
2025-08-12 21:16:11.778 23853-23878 Historical...eDiscovery com.akslabs.cloudgallery             I  Found 1 existing RemotePhoto records
2025-08-12 21:16:11.778 23853-23878 Historical...eDiscovery com.akslabs.cloudgallery             D  Processing batch 1 (offset: null)
2025-08-12 21:16:11.805 23853-23878 BotApi                  com.akslabs.cloudgallery             D  === SCANNING CHANNEL FOR MEDIA ===
2025-08-12 21:16:11.806 23853-23878 BotApi                  com.akslabs.cloudgallery             D  Channel ID: -1002651869724, Limit: 100, Offset: null
2025-08-12 21:16:11.809 23853-23853 LocalPhotoGrid          com.akslabs.cloudgallery             D  === LOCAL PHOTO GRID DEBUG ===
2025-08-12 21:16:11.809 23853-23853 LocalPhotoGrid          com.akslabs.cloudgallery             D  Total count from ViewModel: 0
2025-08-12 21:16:11.810 23853-23853 LocalPhotoGrid          com.akslabs.cloudgallery             D  LocalPhotos itemCount: 0
2025-08-12 21:16:11.810 23853-23853 LocalPhotoGrid          com.akslabs.cloudgallery             D  LoadState.refresh: Loading(endOfPaginationReached=false)
2025-08-12 21:16:11.810 23853-23853 LocalPhotoGrid          com.akslabs.cloudgallery             D  LoadState.append: NotLoading(endOfPaginationReached=false)
2025-08-12 21:16:11.810 23853-23853 LocalPhotoGrid          com.akslabs.cloudgallery             D  LoadState.prepend: NotLoading(endOfPaginationReached=false)
2025-08-12 21:16:11.810 23853-23853 LocalPhotoGrid          com.akslabs.cloudgallery             I  REFRESH is currently LOADING
2025-08-12 21:16:11.811 23853-23853 LocalPhotoGrid          com.akslabs.cloudgallery             W  LocalPhotos itemCount is 0!
2025-08-12 21:16:11.811 23853-23853 LocalPhotoGrid          com.akslabs.cloudgallery             D  === END LOCAL PHOTO GRID DEBUG ===
2025-08-12 21:16:11.901 23853-23853 Choreographer           com.akslabs.cloudgallery             I  Skipped 91 frames!  The application may be doing too much work on its main thread.
2025-08-12 21:16:12.021 23853-23853 LocalViewModel          com.akslabs.cloudgallery             I  Total Photo records in database: 943
2025-08-12 21:16:12.021 23853-23853 LocalViewModel          com.akslabs.cloudgallery             I  ✅ Photo records found:
2025-08-12 21:16:12.021 23853-23853 LocalViewModel          com.akslabs.cloudgallery             D  Photo[0]: localId=1000009768, pathUri=content://media/external/images/media/1000009768, remoteId=null, photoType=png
2025-08-12 21:16:12.021 23853-23853 LocalViewModel          com.akslabs.cloudgallery             D  Photo[1]: localId=1000009760, pathUri=content://media/external/images/media/1000009760, remoteId=null, photoType=png
2025-08-12 21:16:12.021 23853-23853 LocalViewModel          com.akslabs.cloudgallery             D  Photo[2]: localId=1000009759, pathUri=content://media/external/images/media/1000009759, remoteId=null, photoType=jpg
2025-08-12 21:16:12.021 23853-23853 LocalViewModel          com.akslabs.cloudgallery             D  Photo[3]: localId=1000009758, pathUri=content://media/external/images/media/1000009758, remoteId=null, photoType=png
2025-08-12 21:16:12.021 23853-23853 LocalViewModel          com.akslabs.cloudgallery             D  Photo[4]: localId=1000009757, pathUri=content://media/external/images/media/1000009757, remoteId=null, photoType=jpg
2025-08-12 21:16:12.021 23853-23853 LocalViewModel          com.akslabs.cloudgallery             D  Photo[5]: localId=1000009756, pathUri=content://media/external/images/media/1000009756, remoteId=null, photoType=jpg
2025-08-12 21:16:12.021 23853-23853 LocalViewModel          com.akslabs.cloudgallery             D  Photo[6]: localId=1000009755, pathUri=content://media/external/images/media/1000009755, remoteId=null, photoType=png
2025-08-12 21:16:12.021 23853-23853 LocalViewModel          com.akslabs.cloudgallery             D  Photo[7]: localId=1000009754, pathUri=content://media/external/images/media/1000009754, remoteId=null, photoType=jpg
2025-08-12 21:16:12.021 23853-23853 LocalViewModel          com.akslabs.cloudgallery             D  Photo[8]: localId=1000009753, pathUri=content://media/external/images/media/1000009753, remoteId=null, photoType=jpg
2025-08-12 21:16:12.021 23853-23853 LocalViewModel          com.akslabs.cloudgallery             D  Photo[9]: localId=1000009752, pathUri=content://media/external/images/media/1000009752, remoteId=null, photoType=png
2025-08-12 21:16:12.021 23853-23853 LocalViewModel          com.akslabs.cloudgallery             D  ... and 933 more records
2025-08-12 21:16:12.021 23853-23853 LocalViewModel          com.akslabs.cloudgallery             I  Testing Local PagingSource directly...
2025-08-12 21:16:12.022 23853-23853 LocalViewModel          com.akslabs.cloudgallery             D  Local PagingSource created: null
2025-08-12 21:16:12.022 23853-23853 LocalViewModel          com.akslabs.cloudgallery             I  Local total count flow created: SafeFlow
2025-08-12 21:16:12.022 23853-23853 LocalViewModel          com.akslabs.cloudgallery             I  === END LOCAL PHOTOS DATABASE DEBUG ===
2025-08-12 21:16:12.022 23853-23853 LocalViewModel          com.akslabs.cloudgallery             E  📊 Local photos count updated: 943
2025-08-12 21:16:12.031 23853-23853 WM-SystemFgDispatcher   com.akslabs.cloudgallery             I  Started foreground service Intent { act=ACTION_START_FOREGROUND cmp=com.akslabs.cloudgallery/androidx.work.impl.foreground.SystemForegroundService (has extras) }
2025-08-12 21:16:12.035 23853-23864 HWUI                    com.akslabs.cloudgallery             I  Davey! duration=1642ms; Flags=0, FrameTimelineVsyncId=66975443, IntendedVsync=123123877375041, Vsync=123125394073770, InputEventId=0, HandleInputStart=123125399621467, AnimationStart=123125399624436, PerformTraversalsStart=123125500220321, DrawStart=123125502124540, FrameDeadline=123125244049179, FrameInterval=123125398762248, FrameStartTime=16667019, SyncQueued=123125516423342, SyncStart=123125516712144, IssueDrawCommandsStart=123125516812769, SwapBuffers=123125518186727, FrameCompleted=123125520511623, DequeueBufferDuration=16354, QueueBufferDuration=360521, GpuCompleted=123125520511623, SwapBuffersCompleted=123125519144488, DisplayPresentTime=72904454214516736, CommandSubmissionCompleted=123125518186727, 
2025-08-12 21:16:12.075 23853-23853 WindowOnBackDispatcher  com.akslabs.cloudgallery             W  OnBackInvokedCallback is not enabled for the application.
                                                                                                    Set 'android:enableOnBackInvokedCallback="true"' in the application manifest.
2025-08-12 21:16:12.149 23853-23853 LocalViewModel          com.akslabs.cloudgallery             E  🚀 === LOCAL VIEW MODEL INITIALIZED ===
2025-08-12 21:16:12.149 23853-23853 LocalViewModel          com.akslabs.cloudgallery             I  === LOCAL PHOTOS DATABASE DEBUG ===
2025-08-12 21:16:12.156 23853-23853 LocalViewModel          com.akslabs.cloudgallery             D  === CREATING NEW LOCAL PAGING SOURCE ===
2025-08-12 21:16:12.156 23853-23853 LocalViewModel          com.akslabs.cloudgallery             D  PageSize: 32, PrefetchDistance: 160, JumpThreshold: 160
2025-08-12 21:16:12.156 23853-23853 LocalViewModel          com.akslabs.cloudgallery             D  Local PagingSource created: null
2025-08-12 21:16:12.160 23853-23853 LocalViewModel          com.akslabs.cloudgallery             E  📄 New PagingData received in LocalViewModel
2025-08-12 21:16:12.162 23853-23853 LocalViewModel          com.akslabs.cloudgallery             E  📊 Local photos count updated: 0
2025-08-12 21:16:12.167 23853-23853 LocalPhotoGrid          com.akslabs.cloudgallery             E  🎯 === LOCAL PHOTO GRID COMPOSING ===
2025-08-12 21:16:12.304 23853-23853 LocalPhotoGrid          com.akslabs.cloudgallery             D  === LOCAL PHOTO GRID DEBUG ===
2025-08-12 21:16:12.304 23853-23853 LocalPhotoGrid          com.akslabs.cloudgallery             D  Total count from ViewModel: 0
2025-08-12 21:16:12.304 23853-23853 LocalPhotoGrid          com.akslabs.cloudgallery             D  LocalPhotos itemCount: 0
2025-08-12 21:16:12.305 23853-23853 LocalPhotoGrid          com.akslabs.cloudgallery             D  LoadState.refresh: Loading(endOfPaginationReached=false)
2025-08-12 21:16:12.305 23853-23853 LocalPhotoGrid          com.akslabs.cloudgallery             D  LoadState.append: NotLoading(endOfPaginationReached=false)
2025-08-12 21:16:12.305 23853-23853 LocalPhotoGrid          com.akslabs.cloudgallery             D  LoadState.prepend: NotLoading(endOfPaginationReached=false)
2025-08-12 21:16:12.305 23853-23853 LocalPhotoGrid          com.akslabs.cloudgallery             I  REFRESH is currently LOADING
2025-08-12 21:16:12.305 23853-23853 LocalPhotoGrid          com.akslabs.cloudgallery             W  LocalPhotos itemCount is 0!
2025-08-12 21:16:12.305 23853-23853 LocalPhotoGrid          com.akslabs.cloudgallery             D  === END LOCAL PHOTO GRID DEBUG ===
2025-08-12 21:16:12.384 23853-23853 LocalViewModel          com.akslabs.cloudgallery             E  📊 Local photos count updated: 943
2025-08-12 21:16:12.384 23853-23853 LocalViewModel          com.akslabs.cloudgallery             I  Total Photo records in database: 943
2025-08-12 21:16:12.384 23853-23853 LocalViewModel          com.akslabs.cloudgallery             I  ✅ Photo records found:
2025-08-12 21:16:12.384 23853-23853 LocalViewModel          com.akslabs.cloudgallery             D  Photo[0]: localId=1000009768, pathUri=content://media/external/images/media/1000009768, remoteId=null, photoType=png
2025-08-12 21:16:12.384 23853-23853 LocalViewModel          com.akslabs.cloudgallery             D  Photo[1]: localId=1000009760, pathUri=content://media/external/images/media/1000009760, remoteId=null, photoType=png
2025-08-12 21:16:12.384 23853-23853 LocalViewModel          com.akslabs.cloudgallery             D  Photo[2]: localId=1000009759, pathUri=content://media/external/images/media/1000009759, remoteId=null, photoType=jpg
2025-08-12 21:16:12.384 23853-23853 LocalViewModel          com.akslabs.cloudgallery             D  Photo[3]: localId=1000009758, pathUri=content://media/external/images/media/1000009758, remoteId=null, photoType=png
2025-08-12 21:16:12.384 23853-23853 LocalViewModel          com.akslabs.cloudgallery             D  Photo[4]: localId=1000009757, pathUri=content://media/external/images/media/1000009757, remoteId=null, photoType=jpg
2025-08-12 21:16:12.384 23853-23853 LocalViewModel          com.akslabs.cloudgallery             D  Photo[5]: localId=1000009756, pathUri=content://media/external/images/media/1000009756, remoteId=null, photoType=jpg
2025-08-12 21:16:12.384 23853-23853 LocalViewModel          com.akslabs.cloudgallery             D  Photo[6]: localId=1000009755, pathUri=content://media/external/images/media/1000009755, remoteId=null, photoType=png
2025-08-12 21:16:12.384 23853-23853 LocalViewModel          com.akslabs.cloudgallery             D  Photo[7]: localId=1000009754, pathUri=content://media/external/images/media/1000009754, remoteId=null, photoType=jpg
2025-08-12 21:16:12.385 23853-23853 LocalViewModel          com.akslabs.cloudgallery             D  Photo[8]: localId=1000009753, pathUri=content://media/external/images/media/1000009753, remoteId=null, photoType=jpg
2025-08-12 21:16:12.385 23853-23853 LocalViewModel          com.akslabs.cloudgallery             D  Photo[9]: localId=1000009752, pathUri=content://media/external/images/media/1000009752, remoteId=null, photoType=png
2025-08-12 21:16:12.386 23853-23853 LocalViewModel          com.akslabs.cloudgallery             D  ... and 933 more records
2025-08-12 21:16:12.386 23853-23853 LocalViewModel          com.akslabs.cloudgallery             I  Testing Local PagingSource directly...
2025-08-12 21:16:12.386 23853-23853 LocalViewModel          com.akslabs.cloudgallery             D  Local PagingSource created: null
2025-08-12 21:16:12.387 23853-23853 LocalViewModel          com.akslabs.cloudgallery             I  Local total count flow created: SafeFlow
2025-08-12 21:16:12.387 23853-23853 LocalViewModel          com.akslabs.cloudgallery             I  === END LOCAL PHOTOS DATABASE DEBUG ===
2025-08-12 21:16:12.658 23853-23853 LocalPhotoGrid          com.akslabs.cloudgallery             E  🎯 === LOCAL PHOTO GRID COMPOSING ===
2025-08-12 21:16:12.870 23853-23879 ContentValues           com.akslabs.cloudgallery             D  doWork: []
2025-08-12 21:16:12.871 23853-23879 Sync MediaStore         com.akslabs.cloudgallery             D  doWork: Success
2025-08-12 21:16:12.875 23853-23870 WM-WorkerWrapper        com.akslabs.cloudgallery             I  Worker result SUCCESS for Work [ id=5cdaf16a-4ad2-4527-afbb-c988253aceaa, tags={ com.akslabs.cloudgallery.workers.SyncDbMediaStoreWorker } ]
2025-08-12 21:16:14.876 23853-23853 JobService              com.akslabs.cloudgallery             W  onNetworkChanged() not implemented in androidx.work.impl.background.systemjob.SystemJobService. Must override in a subclass.
2025-08-12 21:16:14.885 23853-23853 LocalPhotoGrid          com.akslabs.cloudgallery             D  === LOCAL PHOTO GRID DEBUG ===
2025-08-12 21:16:14.885 23853-23853 LocalPhotoGrid          com.akslabs.cloudgallery             D  Total count from ViewModel: 943
2025-08-12 21:16:14.885 23853-23853 LocalPhotoGrid          com.akslabs.cloudgallery             D  LocalPhotos itemCount: 943
2025-08-12 21:16:14.885 23853-23853 LocalPhotoGrid          com.akslabs.cloudgallery             D  LoadState.refresh: NotLoading(endOfPaginationReached=false)
2025-08-12 21:16:14.885 23853-23853 LocalPhotoGrid          com.akslabs.cloudgallery             D  LoadState.append: NotLoading(endOfPaginationReached=false)
2025-08-12 21:16:14.885 23853-23853 LocalPhotoGrid          com.akslabs.cloudgallery             D  LoadState.prepend: NotLoading(endOfPaginationReached=true)
2025-08-12 21:16:14.885 23853-23853 LocalPhotoGrid          com.akslabs.cloudgallery             I  REFRESH completed successfully
2025-08-12 21:16:14.885 23853-23853 LocalPhotoGrid          com.akslabs.cloudgallery             I  Checking first 5 local photos with peek():
2025-08-12 21:16:14.885 23853-23853 LocalPhotoGrid          com.akslabs.cloudgallery             D  Photo[0] LOADED: localId=1000009768, pathUri=content://media/external/images/media/1000009768
2025-08-12 21:16:14.885 23853-23853 LocalPhotoGrid          com.akslabs.cloudgallery             D  Photo[1] LOADED: localId=1000009760, pathUri=content://media/external/images/media/1000009760
2025-08-12 21:16:14.885 23853-23853 LocalPhotoGrid          com.akslabs.cloudgallery             D  Photo[2] LOADED: localId=1000009759, pathUri=content://media/external/images/media/1000009759
2025-08-12 21:16:14.886 23853-23853 LocalPhotoGrid          com.akslabs.cloudgallery             D  Photo[3] LOADED: localId=1000009758, pathUri=content://media/external/images/media/1000009758
2025-08-12 21:16:14.886 23853-23853 LocalPhotoGrid          com.akslabs.cloudgallery             D  Photo[4] LOADED: localId=1000009757, pathUri=content://media/external/images/media/1000009757
2025-08-12 21:16:14.886 23853-23853 LocalPhotoGrid          com.akslabs.cloudgallery             I  Snapshot list size: 96
2025-08-12 21:16:14.886 23853-23853 LocalPhotoGrid          com.akslabs.cloudgallery             D  Snapshot[0]: localId=1000009768
2025-08-12 21:16:14.886 23853-23853 LocalPhotoGrid          com.akslabs.cloudgallery             D  Snapshot[1]: localId=1000009760
2025-08-12 21:16:14.886 23853-23853 LocalPhotoGrid          com.akslabs.cloudgallery             D  Snapshot[2]: localId=1000009759
2025-08-12 21:16:14.886 23853-23853 LocalPhotoGrid          com.akslabs.cloudgallery             D  === END LOCAL PHOTO GRID DEBUG ===
2025-08-12 21:16:14.902 23853-23915 HWUI                    com.akslabs.cloudgallery             I  Davey! duration=2523ms; Flags=0, FrameTimelineVsyncId=66977034, IntendedVsync=123125860200673, Vsync=123125910200563, InputEventId=0, HandleInputStart=123125920939071, AnimationStart=123125920943550, PerformTraversalsStart=123126212033706, DrawStart=123126212152248, FrameDeadline=123125910190563, FrameInterval=123125920872092, FrameStartTime=16666630, SyncQueued=123128369732143, SyncStart=123128369892612, IssueDrawCommandsStart=123128370238393, SwapBuffers=123128372613653, FrameCompleted=123128383723393, DequeueBufferDuration=21771, QueueBufferDuration=370573, GpuCompleted=123128383723393, SwapBuffersCompleted=123128373363133, DisplayPresentTime=0, CommandSubmissionCompleted=123128372613653, 
2025-08-12 21:16:14.916 23853-23853 LocalPhotoGrid          com.akslabs.cloudgallery             D  === LOCAL PHOTO ITEM RENDER ===
2025-08-12 21:16:14.916 23853-23853 LocalPhotoGrid          com.akslabs.cloudgallery             D  Index: 0
2025-08-12 21:16:14.916 23853-23853 LocalPhotoGrid          com.akslabs.cloudgallery             I  Item[0] RENDERING with data: localId=1000009768, pathUri=content://media/external/images/media/1000009768
2025-08-12 21:16:14.916 23853-23853 LocalPhotoGrid          com.akslabs.cloudgallery             D  === LOCAL PHOTO ITEM RENDER ===
2025-08-12 21:16:14.916 23853-23853 LocalPhotoGrid          com.akslabs.cloudgallery             D  Index: 1
2025-08-12 21:16:14.916 23853-23853 LocalPhotoGrid          com.akslabs.cloudgallery             I  Item[1] RENDERING with data: localId=1000009760, pathUri=content://media/external/images/media/1000009760
2025-08-12 21:16:14.916 23853-23853 LocalPhotoGrid          com.akslabs.cloudgallery             D  === LOCAL PHOTO ITEM RENDER ===
2025-08-12 21:16:14.916 23853-23853 LocalPhotoGrid          com.akslabs.cloudgallery             D  Index: 2
2025-08-12 21:16:14.916 23853-23853 LocalPhotoGrid          com.akslabs.cloudgallery             I  Item[2] RENDERING with data: localId=1000009759, pathUri=content://media/external/images/media/1000009759
2025-08-12 21:16:14.917 23853-23853 LocalPhotoGrid          com.akslabs.cloudgallery             D  === LOCAL PHOTO ITEM RENDER ===
2025-08-12 21:16:14.917 23853-23853 LocalPhotoGrid          com.akslabs.cloudgallery             D  Index: 3
2025-08-12 21:16:14.917 23853-23853 LocalPhotoGrid          com.akslabs.cloudgallery             I  Item[3] RENDERING with data: localId=1000009758, pathUri=content://media/external/images/media/1000009758
2025-08-12 21:16:14.918 23853-23853 LocalPhotoGrid          com.akslabs.cloudgallery             D  === LOCAL PHOTO ITEM RENDER ===
2025-08-12 21:16:14.918 23853-23853 LocalPhotoGrid          com.akslabs.cloudgallery             D  Index: 4
2025-08-12 21:16:14.918 23853-23853 LocalPhotoGrid          com.akslabs.cloudgallery             I  Item[4] RENDERING with data: localId=1000009757, pathUri=content://media/external/images/media/1000009757
2025-08-12 21:16:14.918 23853-23853 LocalPhotoGrid          com.akslabs.cloudgallery             D  === LOCAL PHOTO ITEM RENDER ===
2025-08-12 21:16:14.918 23853-23853 LocalPhotoGrid          com.akslabs.cloudgallery             D  Index: 5
2025-08-12 21:16:14.918 23853-23853 LocalPhotoGrid          com.akslabs.cloudgallery             I  Item[5] RENDERING with data: localId=1000009756, pathUri=content://media/external/images/media/1000009756
2025-08-12 21:16:14.918 23853-23853 LocalPhotoGrid          com.akslabs.cloudgallery             D  === LOCAL PHOTO ITEM RENDER ===
2025-08-12 21:16:14.918 23853-23853 LocalPhotoGrid          com.akslabs.cloudgallery             D  Index: 6
2025-08-12 21:16:14.918 23853-23853 LocalPhotoGrid          com.akslabs.cloudgallery             I  Item[6] RENDERING with data: localId=1000009755, pathUri=content://media/external/images/media/1000009755
2025-08-12 21:16:14.918 23853-23853 LocalPhotoGrid          com.akslabs.cloudgallery             D  === LOCAL PHOTO ITEM RENDER ===
2025-08-12 21:16:14.918 23853-23853 LocalPhotoGrid          com.akslabs.cloudgallery             D  Index: 7
2025-08-12 21:16:14.918 23853-23853 LocalPhotoGrid          com.akslabs.cloudgallery             I  Item[7] RENDERING with data: localId=1000009754, pathUri=content://media/external/images/media/1000009754
2025-08-12 21:16:14.918 23853-23853 LocalPhotoGrid          com.akslabs.cloudgallery             D  === LOCAL PHOTO ITEM RENDER ===
2025-08-12 21:16:14.918 23853-23853 LocalPhotoGrid          com.akslabs.cloudgallery             D  Index: 8
2025-08-12 21:16:14.918 23853-23853 LocalPhotoGrid          com.akslabs.cloudgallery             I  Item[8] RENDERING with data: localId=1000009753, pathUri=content://media/external/images/media/1000009753
2025-08-12 21:16:14.918 23853-23853 LocalPhotoGrid          com.akslabs.cloudgallery             D  === LOCAL PHOTO ITEM RENDER ===
2025-08-12 21:16:14.918 23853-23853 LocalPhotoGrid          com.akslabs.cloudgallery             D  Index: 9
2025-08-12 21:16:14.919 23853-23853 LocalPhotoGrid          com.akslabs.cloudgallery             I  Item[9] RENDERING with data: localId=1000009752, pathUri=content://media/external/images/media/1000009752
2025-08-12 21:16:14.919 23853-23853 LocalPhotoGrid          com.akslabs.cloudgallery             D  === LOCAL PHOTO ITEM RENDER ===
2025-08-12 21:16:14.919 23853-23853 LocalPhotoGrid          com.akslabs.cloudgallery             D  Index: 10
2025-08-12 21:16:14.919 23853-23853 LocalPhotoGrid          com.akslabs.cloudgallery             I  Item[10] RENDERING with data: localId=1000009751, pathUri=content://media/external/images/media/1000009751
2025-08-12 21:16:14.919 23853-23853 LocalPhotoGrid          com.akslabs.cloudgallery             D  === LOCAL PHOTO ITEM RENDER ===
2025-08-12 21:16:14.919 23853-23853 LocalPhotoGrid          com.akslabs.cloudgallery             D  Index: 11
2025-08-12 21:16:14.919 23853-23853 LocalPhotoGrid          com.akslabs.cloudgallery             I  Item[11] RENDERING with data: localId=1000009750, pathUri=content://media/external/images/media/1000009750
2025-08-12 21:16:14.919 23853-23853 LocalPhotoGrid          com.akslabs.cloudgallery             D  === LOCAL PHOTO ITEM RENDER ===
2025-08-12 21:16:14.919 23853-23853 LocalPhotoGrid          com.akslabs.cloudgallery             D  Index: 12
2025-08-12 21:16:14.919 23853-23853 LocalPhotoGrid          com.akslabs.cloudgallery             I  Item[12] RENDERING with data: localId=1000009749, pathUri=content://media/external/images/media/1000009749
2025-08-12 21:16:14.919 23853-23853 LocalPhotoGrid          com.akslabs.cloudgallery             D  === LOCAL PHOTO ITEM RENDER ===
2025-08-12 21:16:14.919 23853-23853 LocalPhotoGrid          com.akslabs.cloudgallery             D  Index: 13
2025-08-12 21:16:14.919 23853-23853 LocalPhotoGrid          com.akslabs.cloudgallery             I  Item[13] RENDERING with data: localId=1000009748, pathUri=content://media/external/images/media/1000009748
2025-08-12 21:16:14.919 23853-23853 LocalPhotoGrid          com.akslabs.cloudgallery             D  === LOCAL PHOTO ITEM RENDER ===
2025-08-12 21:16:14.919 23853-23853 LocalPhotoGrid          com.akslabs.cloudgallery             D  Index: 14
2025-08-12 21:16:14.919 23853-23853 LocalPhotoGrid          com.akslabs.cloudgallery             I  Item[14] RENDERING with data: localId=1000009747, pathUri=content://media/external/images/media/1000009747
2025-08-12 21:16:14.919 23853-23853 LocalPhotoGrid          com.akslabs.cloudgallery             D  === LOCAL PHOTO ITEM RENDER ===
2025-08-12 21:16:14.919 23853-23853 LocalPhotoGrid          com.akslabs.cloudgallery             D  Index: 15
2025-08-12 21:16:14.919 23853-23853 LocalPhotoGrid          com.akslabs.cloudgallery             I  Item[15] RENDERING with data: localId=1000009746, pathUri=content://media/external/images/media/1000009746
2025-08-12 21:16:14.920 23853-23853 LocalPhotoGrid          com.akslabs.cloudgallery             D  === LOCAL PHOTO ITEM RENDER ===
2025-08-12 21:16:14.920 23853-23853 LocalPhotoGrid          com.akslabs.cloudgallery             D  Index: 16
2025-08-12 21:16:14.920 23853-23853 LocalPhotoGrid          com.akslabs.cloudgallery             I  Item[16] RENDERING with data: localId=1000009745, pathUri=content://media/external/images/media/1000009745
2025-08-12 21:16:14.920 23853-23853 LocalPhotoGrid          com.akslabs.cloudgallery             D  === LOCAL PHOTO ITEM RENDER ===
2025-08-12 21:16:14.920 23853-23853 LocalPhotoGrid          com.akslabs.cloudgallery             D  Index: 17
2025-08-12 21:16:14.920 23853-23853 LocalPhotoGrid          com.akslabs.cloudgallery             I  Item[17] RENDERING with data: localId=1000009744, pathUri=content://media/external/images/media/1000009744
2025-08-12 21:16:14.920 23853-23853 LocalPhotoGrid          com.akslabs.cloudgallery             D  === LOCAL PHOTO ITEM RENDER ===
2025-08-12 21:16:14.920 23853-23853 LocalPhotoGrid          com.akslabs.cloudgallery             D  Index: 18
2025-08-12 21:16:14.920 23853-23853 LocalPhotoGrid          com.akslabs.cloudgallery             I  Item[18] RENDERING with data: localId=1000009743, pathUri=content://media/external/images/media/1000009743
2025-08-12 21:16:14.920 23853-23853 LocalPhotoGrid          com.akslabs.cloudgallery             D  === LOCAL PHOTO ITEM RENDER ===
2025-08-12 21:16:14.920 23853-23853 LocalPhotoGrid          com.akslabs.cloudgallery             D  Index: 19
2025-08-12 21:16:14.920 23853-23853 LocalPhotoGrid          com.akslabs.cloudgallery             I  Item[19] RENDERING with data: localId=1000009742, pathUri=content://media/external/images/media/1000009742
2025-08-12 21:16:14.920 23853-23853 LocalPhotoGrid          com.akslabs.cloudgallery             D  === LOCAL PHOTO ITEM RENDER ===
2025-08-12 21:16:14.920 23853-23853 LocalPhotoGrid          com.akslabs.cloudgallery             D  Index: 20
2025-08-12 21:16:14.920 23853-23853 LocalPhotoGrid          com.akslabs.cloudgallery             I  Item[20] RENDERING with data: localId=1000009741, pathUri=content://media/external/images/media/1000009741
2025-08-12 21:16:14.920 23853-23853 LocalPhotoGrid          com.akslabs.cloudgallery             D  === LOCAL PHOTO ITEM RENDER ===
2025-08-12 21:16:14.920 23853-23853 LocalPhotoGrid          com.akslabs.cloudgallery             D  Index: 21
