2025-08-13 16:18:42.404  8124-8124  ImageLoaderModule       com.akslabs.cloudgallery             I  === IMAGE LOADERS INITIALIZATION COMPLETE ===
2025-08-13 16:18:42.404  8124-8124  ImageLoaderModule       com.akslabs.cloudgallery             I  Available loaders:
2025-08-13 16:18:42.404  8124-8124  ImageLoaderModule       com.akslabs.cloudgallery             I  - defaultImageLoader: ✓
2025-08-13 16:18:42.404  8124-8124  ImageLoaderModule       com.akslabs.cloudgallery             I  - remoteImageLoader: ✓
2025-08-13 16:18:42.404  8124-8124  ImageLoaderModule       com.akslabs.cloudgallery             I  - thumbnailImageLoader: ✓
2025-08-13 16:18:42.498  8124-8124  Choreographer           com.akslabs.cloudgallery             I  Skipped 35 frames!  The application may be doing too much work on its main thread.
2025-08-13 16:18:42.594  8124-17607 DatabaseDebugHelper     com.akslabs.cloudgallery             I  === DATABASE DEBUG REPORT ===
2025-08-13 16:18:42.624  8124-17607 DatabaseDebugHelper     com.akslabs.cloudgallery             I  Database version: 4
2025-08-13 16:18:42.638  8124-8124  DesktopModeFlagsUtil    com.akslabs.cloudgallery             D  Toggle override initialized to: OVERRIDE_UNSET
2025-08-13 16:18:42.661  8124-17607 DatabaseDebugHelper     com.akslabs.cloudgallery             I  Record counts:
2025-08-13 16:18:42.661  8124-17607 DatabaseDebugHelper     com.akslabs.cloudgallery             I    Total photos: 951
2025-08-13 16:18:42.662  8124-17607 DatabaseDebugHelper     com.akslabs.cloudgallery             I    Photos with remoteId: 3
2025-08-13 16:18:42.662  8124-17607 DatabaseDebugHelper     com.akslabs.cloudgallery             I    Total remote photos: 3
2025-08-13 16:18:42.662  8124-17607 DatabaseDebugHelper     com.akslabs.cloudgallery             I  Sample uploaded photos:
2025-08-13 16:18:42.662  8124-17607 DatabaseDebugHelper     com.akslabs.cloudgallery             I    Photo: localId=1000009071, remoteId=BQACAgUAAyEGAASeEFIcAAIIxGicH3a3maSfIpEvi6hlMr5ZIZFuAALrFgAC7TDgVJkHP9_WFFxzNgQ, type=png
2025-08-13 16:18:42.662  8124-17607 DatabaseDebugHelper     com.akslabs.cloudgallery             I    Photo: localId=1000006476, remoteId=BQACAgUAAyEGAASeEFIcAAIIw2icH0dtSLbvL2_f5NkJfIflVxbEAALqFgAC7TDgVGFo9RNZQqV7NgQ, type=png
2025-08-13 16:18:42.662  8124-17607 DatabaseDebugHelper     com.akslabs.cloudgallery             I    Photo: localId=1000006091, remoteId=BQACAgUAAyEGAASeEFIcAAIIxWicH-pfCpVe6p8dpwABw5mTf9TS-wAC7BYAAu0w4FQDDzOSkNDPZzYE, type=png
2025-08-13 16:18:42.662  8124-17607 DatabaseDebugHelper     com.akslabs.cloudgallery             I  Sample remote photos:
2025-08-13 16:18:42.663  8124-17607 DatabaseDebugHelper     com.akslabs.cloudgallery             I    RemotePhoto: remoteId=BQACAgUAAyEGAASeEFIcAAIIxWicH-pfCpVe6p8dpwABw5mTf9TS-wAC7BYAAu0w4FQDDzOSkNDPZzYE, type=png, fileName=42717895550690360893227045473287536868.png
2025-08-13 16:18:42.663  8124-17607 DatabaseDebugHelper     com.akslabs.cloudgallery             I    RemotePhoto: remoteId=BQACAgUAAyEGAASeEFIcAAIIxGicH3a3maSfIpEvi6hlMr5ZIZFuAALrFgAC7TDgVJkHP9_WFFxzNgQ, type=png, fileName=694000534657088556765825092497223751.png
2025-08-13 16:18:42.663  8124-17607 DatabaseDebugHelper     com.akslabs.cloudgallery             I    RemotePhoto: remoteId=BQACAgUAAyEGAASeEFIcAAIIw2icH0dtSLbvL2_f5NkJfIflVxbEAALqFgAC7TDgVGFo9RNZQqV7NgQ, type=png, fileName=42554030560734015792823288097017760953.png
2025-08-13 16:18:42.663  8124-17607 DatabaseDebugHelper     com.akslabs.cloudgallery             I  === END DATABASE DEBUG REPORT ===
2025-08-13 16:18:42.750  8124-17607 QuickCloudSyncWorker    com.akslabs.cloudgallery             D  Quick cloud sync worker started
2025-08-13 16:18:42.752  8124-17609 CloudPhotoSyncService   com.akslabs.cloudgallery             D  Performing quick sync
2025-08-13 16:18:42.757  8124-17609 CloudPhotoSyncService   com.akslabs.cloudgallery             D  Found configured group/channel ID: -1002651869724
2025-08-13 16:18:42.762  8124-17609 Historical...eDiscovery com.akslabs.cloudgallery             I  === STARTING HISTORICAL IMAGE DISCOVERY ===
2025-08-13 16:18:42.762  8124-17609 Historical...eDiscovery com.akslabs.cloudgallery             I  Channel ID: -1002651869724
2025-08-13 16:18:42.762  8124-17609 Historical...eDiscovery com.akslabs.cloudgallery             I  Config: ScanConfig(channelId=-1002651869724, batchSize=50, maxFiles=100, includePhotos=true, includeDocuments=true, includeVideos=true)
2025-08-13 16:18:42.766  8124-17609 Historical...eDiscovery com.akslabs.cloudgallery             I  Found 3 existing RemotePhoto records
2025-08-13 16:18:42.767  8124-17609 Historical...eDiscovery com.akslabs.cloudgallery             D  Processing batch 1 (offset: null)
2025-08-13 16:18:42.770  8124-17609 BotApi                  com.akslabs.cloudgallery             D  === SCANNING CHANNEL FOR MEDIA ===
2025-08-13 16:18:42.770  8124-17609 BotApi                  com.akslabs.cloudgallery             D  Channel ID: -1002651869724, Limit: 50, Offset: null
2025-08-13 16:18:43.047  8124-17578 bs.cloudgallery         com.akslabs.cloudgallery             I  Compiler allocated 4431KB to compile void android.view.ViewRootImpl.performTraversals()
2025-08-13 16:18:43.255  8124-8124  bs.cloudgallery         com.akslabs.cloudgallery             W  Method boolean androidx.compose.runtime.snapshots.SnapshotStateList.conditionalUpdate(boolean, kotlin.jvm.functions.Function1) failed lock verification and will run slower.
                                                                                                    Common causes for lock verification issues are non-optimized dex code
                                                                                                    and incorrect proguard optimizations.
2025-08-13 16:18:43.255  8124-8124  bs.cloudgallery         com.akslabs.cloudgallery             W  Method boolean androidx.compose.runtime.snapshots.SnapshotStateList.conditionalUpdate$default(androidx.compose.runtime.snapshots.SnapshotStateList, boolean, kotlin.jvm.functions.Function1, int, java.lang.Object) failed lock verification and will run slower.
2025-08-13 16:18:43.256  8124-8124  bs.cloudgallery         com.akslabs.cloudgallery             W  Method java.lang.Object androidx.compose.runtime.snapshots.SnapshotStateList.mutate(kotlin.jvm.functions.Function1) failed lock verification and will run slower.
2025-08-13 16:18:43.256  8124-8124  bs.cloudgallery         com.akslabs.cloudgallery             W  Method void androidx.compose.runtime.snapshots.SnapshotStateList.update(boolean, kotlin.jvm.functions.Function1) failed lock verification and will run slower.
2025-08-13 16:18:43.256  8124-8124  bs.cloudgallery         com.akslabs.cloudgallery             W  Method void androidx.compose.runtime.snapshots.SnapshotStateList.update$default(androidx.compose.runtime.snapshots.SnapshotStateList, boolean, kotlin.jvm.functions.Function1, int, java.lang.Object) failed lock verification and will run slower.
2025-08-13 16:18:43.821  8124-8124  LocalViewModel          com.akslabs.cloudgallery             E  🚀 === LOCAL VIEW MODEL INITIALIZED ===
2025-08-13 16:18:43.822  8124-8124  LocalViewModel          com.akslabs.cloudgallery             I  === LOCAL PHOTOS DATABASE DEBUG ===
2025-08-13 16:18:43.840  8124-8124  LocalViewModel          com.akslabs.cloudgallery             D  === CREATING NEW LOCAL PAGING SOURCE ===
2025-08-13 16:18:43.840  8124-8124  LocalViewModel          com.akslabs.cloudgallery             D  PageSize: 32, PrefetchDistance: 160, JumpThreshold: 160
2025-08-13 16:18:43.842  8124-8124  LocalViewModel          com.akslabs.cloudgallery             D  Local PagingSource created: null
2025-08-13 16:18:43.857  8124-8124  LocalViewModel          com.akslabs.cloudgallery             E  📄 New PagingData received in LocalViewModel
2025-08-13 16:18:43.859  8124-8124  LocalViewModel          com.akslabs.cloudgallery             E  📊 Local photos count updated: 0
2025-08-13 16:18:43.875  8124-8124  LocalPhotoGrid          com.akslabs.cloudgallery             E  🎯 === LOCAL PHOTO GRID COMPOSING ===
2025-08-13 16:18:43.958  8124-17604 AdrenoGLES-0            com.akslabs.cloudgallery             I  QUALCOMM build                   : 95db91f, Ifbc588260a
                                                                                                    Build Date                       : 09/24/20
                                                                                                    OpenGL ES Shader Compiler Version: EV031.32.02.01
                                                                                                    Local Branch                     : mybrancheafe5b6d-fb5b-f1b0-b904-5cb90179c3e0
                                                                                                    Remote Branch                    : quic/gfx-adreno.lnx.1.0.r114-rel
                                                                                                    Remote Branch                    : NONE
                                                                                                    Reconstruct Branch               : NOTHING
2025-08-13 16:18:43.958  8124-17604 AdrenoGLES-0            com.akslabs.cloudgallery             I  Build Config                     : S P 10.0.7 AArch64
2025-08-13 16:18:43.958  8124-17604 AdrenoGLES-0            com.akslabs.cloudgallery             I  Driver Path                      : /vendor/lib64/egl/libGLESv2_adreno.so
2025-08-13 16:18:43.973  8124-17604 AdrenoGLES-0            com.akslabs.cloudgallery             I  PFP: 0x016ee190, ME: 0x00000000
2025-08-13 16:18:44.039  8124-17628 Gralloc4                com.akslabs.cloudgallery             I  mapper 4.x is not supported
2025-08-13 16:18:44.040  8124-17628 Gralloc3                com.akslabs.cloudgallery             W  mapper 3.x is not supported
2025-08-13 16:18:44.048  8124-17628 Gralloc2                com.akslabs.cloudgallery             I  Adding additional valid usage bits: 0x8202000
2025-08-13 16:18:44.122  8124-17584 HWUI                    com.akslabs.cloudgallery             I  Davey! duration=1365ms; Flags=1, FrameTimelineVsyncId=6883101, IntendedVsync=11929758548883, Vsync=11929758548883, InputEventId=0, HandleInputStart=11929772187583, AnimationStart=11929772191645, PerformTraversalsStart=11929772193520, DrawStart=11931036556384, FrameDeadline=11929779882215, FrameInterval=11929772173677, FrameStartTime=16666616, SyncQueued=11931100868572, SyncStart=11931100987218, IssueDrawCommandsStart=11931101489614, SwapBuffers=11931115886384, FrameCompleted=11931123925811, DequeueBufferDuration=14114, QueueBufferDuration=757344, GpuCompleted=11931123925811, SwapBuffersCompleted=11931117640134, DisplayPresentTime=8929200823284531200, CommandSubmissionCompleted=11931115886384, 
2025-08-13 16:18:44.146  8124-8124  LocalPhotoGrid          com.akslabs.cloudgallery             D  === LOCAL PHOTO GRID DEBUG ===
2025-08-13 16:18:44.146  8124-8124  LocalPhotoGrid          com.akslabs.cloudgallery             D  Total count from ViewModel: 0
2025-08-13 16:18:44.146  8124-8124  LocalPhotoGrid          com.akslabs.cloudgallery             D  LocalPhotos itemCount: 0
2025-08-13 16:18:44.146  8124-8124  LocalPhotoGrid          com.akslabs.cloudgallery             D  LoadState.refresh: Loading(endOfPaginationReached=false)
2025-08-13 16:18:44.146  8124-8124  LocalPhotoGrid          com.akslabs.cloudgallery             D  LoadState.append: NotLoading(endOfPaginationReached=false)
2025-08-13 16:18:44.146  8124-8124  LocalPhotoGrid          com.akslabs.cloudgallery             D  LoadState.prepend: NotLoading(endOfPaginationReached=false)
2025-08-13 16:18:44.146  8124-8124  LocalPhotoGrid          com.akslabs.cloudgallery             I  REFRESH is currently LOADING
2025-08-13 16:18:44.146  8124-8124  LocalPhotoGrid          com.akslabs.cloudgallery             W  LocalPhotos itemCount is 0!
2025-08-13 16:18:44.146  8124-8124  LocalPhotoGrid          com.akslabs.cloudgallery             D  === END LOCAL PHOTO GRID DEBUG ===
2025-08-13 16:18:44.152  8124-8124  LocalViewModel          com.akslabs.cloudgallery             E  ❌ Error collecting from localPhotosFlow
                                                                                                    kotlinx.coroutines.JobCancellationException: Job was cancelled; job=SupervisorJobImpl{Cancelling}@4133e12
2025-08-13 16:18:44.163  8124-8124  LocalViewModel          com.akslabs.cloudgallery             E  ❌ Error collecting from localPhotosCount
                                                                                                    kotlinx.coroutines.JobCancellationException: Job was cancelled; job=SupervisorJobImpl{Cancelling}@4133e12
2025-08-13 16:18:44.189  8124-8124  Choreographer           com.akslabs.cloudgallery             I  Skipped 80 frames!  The application may be doing too much work on its main thread.
2025-08-13 16:18:44.288  8124-8124  LocalViewModel          com.akslabs.cloudgallery             E  ❌ Error debugging local database state
                                                                                                    kotlinx.coroutines.JobCancellationException: Job was cancelled; job=SupervisorJobImpl{Cancelling}@4133e12
2025-08-13 16:18:44.312  8124-17583 HWUI                    com.akslabs.cloudgallery             I  Davey! duration=1449ms; Flags=0, FrameTimelineVsyncId=6883166, IntendedVsync=11929861205148, Vsync=11931194527308, InputEventId=0, HandleInputStart=11931211401176, AnimationStart=11931211407270, PerformTraversalsStart=11931291680968, DrawStart=11931293260551, FrameDeadline=11931141878061, FrameInterval=11931210655186, FrameStartTime=16666527, SyncQueued=11931307426436, SyncStart=11931307852947, IssueDrawCommandsStart=11931307946957, SwapBuffers=11931309242009, FrameCompleted=11931311618884, DequeueBufferDuration=15365, QueueBufferDuration=427448, GpuCompleted=11931311618884, SwapBuffersCompleted=11931310450499, DisplayPresentTime=72904454214516736, CommandSubmissionCompleted=11931309242009, 
2025-08-13 16:18:44.394  8124-8124  LocalViewModel          com.akslabs.cloudgallery             E  🚀 === LOCAL VIEW MODEL INITIALIZED ===
2025-08-13 16:18:44.394  8124-8124  LocalViewModel          com.akslabs.cloudgallery             I  === LOCAL PHOTOS DATABASE DEBUG ===
2025-08-13 16:18:44.402  8124-8124  LocalViewModel          com.akslabs.cloudgallery             D  === CREATING NEW LOCAL PAGING SOURCE ===
2025-08-13 16:18:44.403  8124-8124  LocalViewModel          com.akslabs.cloudgallery             D  PageSize: 32, PrefetchDistance: 160, JumpThreshold: 160
2025-08-13 16:18:44.403  8124-8124  LocalViewModel          com.akslabs.cloudgallery             D  Local PagingSource created: null
2025-08-13 16:18:44.415  8124-8124  LocalViewModel          com.akslabs.cloudgallery             E  📄 New PagingData received in LocalViewModel
2025-08-13 16:18:44.418  8124-8124  LocalViewModel          com.akslabs.cloudgallery             E  📊 Local photos count updated: 0
2025-08-13 16:18:44.430  8124-8124  LocalPhotoGrid          com.akslabs.cloudgallery             E  🎯 === LOCAL PHOTO GRID COMPOSING ===
2025-08-13 16:18:44.527  8124-8124  LocalPhotoGrid          com.akslabs.cloudgallery             D  === LOCAL PHOTO GRID DEBUG ===
2025-08-13 16:18:44.528  8124-8124  LocalPhotoGrid          com.akslabs.cloudgallery             D  Total count from ViewModel: 0
2025-08-13 16:18:44.528  8124-8124  LocalPhotoGrid          com.akslabs.cloudgallery             D  LocalPhotos itemCount: 0
2025-08-13 16:18:44.528  8124-8124  LocalPhotoGrid          com.akslabs.cloudgallery             D  LoadState.refresh: Loading(endOfPaginationReached=false)
2025-08-13 16:18:44.528  8124-8124  LocalPhotoGrid          com.akslabs.cloudgallery             D  LoadState.append: NotLoading(endOfPaginationReached=false)
2025-08-13 16:18:44.529  8124-8124  LocalPhotoGrid          com.akslabs.cloudgallery             D  LoadState.prepend: NotLoading(endOfPaginationReached=false)
2025-08-13 16:18:44.529  8124-8124  LocalPhotoGrid          com.akslabs.cloudgallery             I  REFRESH is currently LOADING
2025-08-13 16:18:44.529  8124-8124  LocalPhotoGrid          com.akslabs.cloudgallery             W  LocalPhotos itemCount is 0!
2025-08-13 16:18:44.529  8124-8124  LocalPhotoGrid          com.akslabs.cloudgallery             D  === END LOCAL PHOTO GRID DEBUG ===
2025-08-13 16:18:44.635  8124-8124  LocalViewModel          com.akslabs.cloudgallery             E  📊 Local photos count updated: 951
2025-08-13 16:18:44.636  8124-8124  LocalViewModel          com.akslabs.cloudgallery             I  Total Photo records in database: 951
2025-08-13 16:18:44.636  8124-8124  LocalViewModel          com.akslabs.cloudgallery             I  ✅ Photo records found:
2025-08-13 16:18:44.636  8124-8124  LocalViewModel          com.akslabs.cloudgallery             D  Photo[0]: localId=1000009866, pathUri=content://media/external/images/media/1000009866, remoteId=null, photoType=png
2025-08-13 16:18:44.636  8124-8124  LocalViewModel          com.akslabs.cloudgallery             D  Photo[1]: localId=1000009865, pathUri=content://media/external/images/media/1000009865, remoteId=null, photoType=png
2025-08-13 16:18:44.636  8124-8124  LocalViewModel          com.akslabs.cloudgallery             D  Photo[2]: localId=1000009864, pathUri=content://media/external/images/media/1000009864, remoteId=null, photoType=png
2025-08-13 16:18:44.636  8124-8124  LocalViewModel          com.akslabs.cloudgallery             D  Photo[3]: localId=1000009863, pathUri=content://media/external/images/media/1000009863, remoteId=null, photoType=png
2025-08-13 16:18:44.636  8124-8124  LocalViewModel          com.akslabs.cloudgallery             D  Photo[4]: localId=1000009850, pathUri=content://media/external/images/media/1000009850, remoteId=null, photoType=png
2025-08-13 16:18:44.636  8124-8124  LocalViewModel          com.akslabs.cloudgallery             D  Photo[5]: localId=1000009844, pathUri=content://media/external/images/media/1000009844, remoteId=null, photoType=png
2025-08-13 16:18:44.636  8124-8124  LocalViewModel          com.akslabs.cloudgallery             D  Photo[6]: localId=1000009843, pathUri=content://media/external/images/media/1000009843, remoteId=null, photoType=png
2025-08-13 16:18:44.636  8124-8124  LocalViewModel          com.akslabs.cloudgallery             D  Photo[7]: localId=1000009842, pathUri=content://media/external/images/media/1000009842, remoteId=null, photoType=png
2025-08-13 16:18:44.636  8124-8124  LocalViewModel          com.akslabs.cloudgallery             D  Photo[8]: localId=1000009841, pathUri=content://media/external/images/media/1000009841, remoteId=null, photoType=png
2025-08-13 16:18:44.636  8124-8124  LocalViewModel          com.akslabs.cloudgallery             D  Photo[9]: localId=1000009768, pathUri=content://media/external/images/media/1000009768, remoteId=null, photoType=png
2025-08-13 16:18:44.637  8124-8124  LocalViewModel          com.akslabs.cloudgallery             D  ... and 941 more records
2025-08-13 16:18:44.637  8124-8124  LocalViewModel          com.akslabs.cloudgallery             I  Testing Local PagingSource directly...
2025-08-13 16:18:44.637  8124-8124  LocalViewModel          com.akslabs.cloudgallery             D  Local PagingSource created: null
2025-08-13 16:18:44.637  8124-8124  LocalViewModel          com.akslabs.cloudgallery             I  Local total count flow created: SafeFlow
2025-08-13 16:18:44.637  8124-8124  LocalViewModel          com.akslabs.cloudgallery             I  === END LOCAL PHOTOS DATABASE DEBUG ===
2025-08-13 16:18:44.672  8124-8124  LocalPhotoGrid          com.akslabs.cloudgallery             E  🎯 === LOCAL PHOTO GRID COMPOSING ===
2025-08-13 16:18:45.071  8124-17607 ContentValues           com.akslabs.cloudgallery             D  doWork: []
2025-08-13 16:18:45.072  8124-17607 Sync MediaStore         com.akslabs.cloudgallery             D  doWork: Success
2025-08-13 16:18:45.075  8124-17601 WM-WorkerWrapper        com.akslabs.cloudgallery             I  Worker result SUCCESS for Work [ id=75b57a70-2387-4467-b86b-c4466c7bdbaf, tags={ com.akslabs.cloudgallery.workers.SyncDbMediaStoreWorker } ]
2025-08-13 16:18:46.389  8124-8124  LocalPhotoGrid          com.akslabs.cloudgallery             D  === LOCAL PHOTO GRID DEBUG ===
2025-08-13 16:18:46.389  8124-8124  LocalPhotoGrid          com.akslabs.cloudgallery             D  Total count from ViewModel: 951
2025-08-13 16:18:46.389  8124-8124  LocalPhotoGrid          com.akslabs.cloudgallery             D  LocalPhotos itemCount: 951
2025-08-13 16:18:46.389  8124-8124  LocalPhotoGrid          com.akslabs.cloudgallery             D  LoadState.refresh: NotLoading(endOfPaginationReached=false)
2025-08-13 16:18:46.389  8124-8124  LocalPhotoGrid          com.akslabs.cloudgallery             D  LoadState.append: NotLoading(endOfPaginationReached=false)
2025-08-13 16:18:46.390  8124-8124  LocalPhotoGrid          com.akslabs.cloudgallery             D  LoadState.prepend: NotLoading(endOfPaginationReached=true)
2025-08-13 16:18:46.390  8124-8124  LocalPhotoGrid          com.akslabs.cloudgallery             I  REFRESH completed successfully
2025-08-13 16:18:46.390  8124-8124  LocalPhotoGrid          com.akslabs.cloudgallery             I  Checking first 5 local photos with peek():
2025-08-13 16:18:46.390  8124-8124  LocalPhotoGrid          com.akslabs.cloudgallery             D  Photo[0] LOADED: localId=1000009866, pathUri=content://media/external/images/media/1000009866
2025-08-13 16:18:46.390  8124-8124  LocalPhotoGrid          com.akslabs.cloudgallery             D  Photo[1] LOADED: localId=1000009865, pathUri=content://media/external/images/media/1000009865
2025-08-13 16:18:46.390  8124-8124  LocalPhotoGrid          com.akslabs.cloudgallery             D  Photo[2] LOADED: localId=1000009864, pathUri=content://media/external/images/media/1000009864
2025-08-13 16:18:46.390  8124-8124  LocalPhotoGrid          com.akslabs.cloudgallery             D  Photo[3] LOADED: localId=1000009863, pathUri=content://media/external/images/media/1000009863
2025-08-13 16:18:46.390  8124-8124  LocalPhotoGrid          com.akslabs.cloudgallery             D  Photo[4] LOADED: localId=1000009850, pathUri=content://media/external/images/media/1000009850
2025-08-13 16:18:46.390  8124-8124  LocalPhotoGrid          com.akslabs.cloudgallery             I  Snapshot list size: 96
2025-08-13 16:18:46.390  8124-8124  LocalPhotoGrid          com.akslabs.cloudgallery             D  Snapshot[0]: localId=1000009866
2025-08-13 16:18:46.390  8124-8124  LocalPhotoGrid          com.akslabs.cloudgallery             D  Snapshot[1]: localId=1000009865
2025-08-13 16:18:46.390  8124-8124  LocalPhotoGrid          com.akslabs.cloudgallery             D  Snapshot[2]: localId=1000009864
2025-08-13 16:18:46.390  8124-8124  LocalPhotoGrid          com.akslabs.cloudgallery             D  === END LOCAL PHOTO GRID DEBUG ===
2025-08-13 16:18:46.411  8124-17584 HWUI                    com.akslabs.cloudgallery             I  Davey! duration=1810ms; Flags=0, FrameTimelineVsyncId=6884242, IntendedVsync=11931611221795, Vsync=11931677888003, InputEventId=0, HandleInputStart=11931681665343, AnimationStart=11931681668936, PerformTraversalsStart=11931745569978, DrawStart=11931745671749, FrameDeadline=11931694554133, FrameInterval=11931681604665, FrameStartTime=16666552, SyncQueued=11933409414040, SyncStart=11933409741019, IssueDrawCommandsStart=11933409983102, SwapBuffers=11933413107477, FrameCompleted=11933421910550, DequeueBufferDuration=18073, QueueBufferDuration=432448, GpuCompleted=11933421910550, SwapBuffersCompleted=11933413853050, DisplayPresentTime=0, CommandSubmissionCompleted=11933413107477, 
2025-08-13 16:18:46.430  8124-8124  LocalPhotoGrid          com.akslabs.cloudgallery             D  === LOCAL PHOTO ITEM RENDER ===
2025-08-13 16:18:46.430  8124-8124  LocalPhotoGrid          com.akslabs.cloudgallery             D  Index: 0
2025-08-13 16:18:46.430  8124-8124  LocalPhotoGrid          com.akslabs.cloudgallery             I  Item[0] RENDERING with data: localId=1000009866, pathUri=content://media/external/images/media/1000009866
2025-08-13 16:18:46.431  8124-8124  LocalPhotoGrid          com.akslabs.cloudgallery             D  === LOCAL PHOTO ITEM RENDER ===
2025-08-13 16:18:46.431  8124-8124  LocalPhotoGrid          com.akslabs.cloudgallery             D  Index: 1
2025-08-13 16:18:46.431  8124-8124  LocalPhotoGrid          com.akslabs.cloudgallery             I  Item[1] RENDERING with data: localId=1000009865, pathUri=content://media/external/images/media/1000009865
2025-08-13 16:18:46.431  8124-8124  LocalPhotoGrid          com.akslabs.cloudgallery             D  === LOCAL PHOTO ITEM RENDER ===
2025-08-13 16:18:46.431  8124-8124  LocalPhotoGrid          com.akslabs.cloudgallery             D  Index: 2
2025-08-13 16:18:46.431  8124-8124  LocalPhotoGrid          com.akslabs.cloudgallery             I  Item[2] RENDERING with data: localId=1000009864, pathUri=content://media/external/images/media/1000009864
2025-08-13 16:18:46.431  8124-8124  LocalPhotoGrid          com.akslabs.cloudgallery             D  === LOCAL PHOTO ITEM RENDER ===
2025-08-13 16:18:46.431  8124-8124  LocalPhotoGrid          com.akslabs.cloudgallery             D  Index: 3
2025-08-13 16:18:46.431  8124-8124  LocalPhotoGrid          com.akslabs.cloudgallery             I  Item[3] RENDERING with data: localId=1000009863, pathUri=content://media/external/images/media/1000009863
2025-08-13 16:18:46.431  8124-8124  LocalPhotoGrid          com.akslabs.cloudgallery             D  === LOCAL PHOTO ITEM RENDER ===
2025-08-13 16:18:46.431  8124-8124  LocalPhotoGrid          com.akslabs.cloudgallery             D  Index: 4
2025-08-13 16:18:46.431  8124-8124  LocalPhotoGrid          com.akslabs.cloudgallery             I  Item[4] RENDERING with data: localId=1000009850, pathUri=content://media/external/images/media/1000009850
2025-08-13 16:18:46.431  8124-8124  LocalPhotoGrid          com.akslabs.cloudgallery             D  === LOCAL PHOTO ITEM RENDER ===
2025-08-13 16:18:46.431  8124-8124  LocalPhotoGrid          com.akslabs.cloudgallery             D  Index: 5
2025-08-13 16:18:46.431  8124-8124  LocalPhotoGrid          com.akslabs.cloudgallery             I  Item[5] RENDERING with data: localId=1000009844, pathUri=content://media/external/images/media/1000009844
2025-08-13 16:18:46.431  8124-8124  LocalPhotoGrid          com.akslabs.cloudgallery             D  === LOCAL PHOTO ITEM RENDER ===
2025-08-13 16:18:46.431  8124-8124  LocalPhotoGrid          com.akslabs.cloudgallery             D  Index: 6
2025-08-13 16:18:46.431  8124-8124  LocalPhotoGrid          com.akslabs.cloudgallery             I  Item[6] RENDERING with data: localId=1000009843, pathUri=content://media/external/images/media/1000009843
2025-08-13 16:18:46.432  8124-8124  LocalPhotoGrid          com.akslabs.cloudgallery             D  === LOCAL PHOTO ITEM RENDER ===
2025-08-13 16:18:46.432  8124-8124  LocalPhotoGrid          com.akslabs.cloudgallery             D  Index: 7
2025-08-13 16:18:46.432  8124-8124  LocalPhotoGrid          com.akslabs.cloudgallery             I  Item[7] RENDERING with data: localId=1000009842, pathUri=content://media/external/images/media/1000009842
2025-08-13 16:18:46.432  8124-8124  LocalPhotoGrid          com.akslabs.cloudgallery             D  === LOCAL PHOTO ITEM RENDER ===
2025-08-13 16:18:46.432  8124-8124  LocalPhotoGrid          com.akslabs.cloudgallery             D  Index: 8
2025-08-13 16:18:46.432  8124-8124  LocalPhotoGrid          com.akslabs.cloudgallery             I  Item[8] RENDERING with data: localId=1000009841, pathUri=content://media/external/images/media/1000009841
2025-08-13 16:18:46.432  8124-8124  LocalPhotoGrid          com.akslabs.cloudgallery             D  === LOCAL PHOTO ITEM RENDER ===
2025-08-13 16:18:46.432  8124-8124  LocalPhotoGrid          com.akslabs.cloudgallery             D  Index: 9
2025-08-13 16:18:46.432  8124-8124  LocalPhotoGrid          com.akslabs.cloudgallery             I  Item[9] RENDERING with data: localId=1000009768, pathUri=content://media/external/images/media/1000009768
2025-08-13 16:18:46.432  8124-8124  LocalPhotoGrid          com.akslabs.cloudgallery             D  === LOCAL PHOTO ITEM RENDER ===
2025-08-13 16:18:46.432  8124-8124  LocalPhotoGrid          com.akslabs.cloudgallery             D  Index: 10
2025-08-13 16:18:46.432  8124-8124  LocalPhotoGrid          com.akslabs.cloudgallery             I  Item[10] RENDERING with data: localId=1000009760, pathUri=content://media/external/images/media/1000009760
2025-08-13 16:18:46.432  8124-8124  LocalPhotoGrid          com.akslabs.cloudgallery             D  === LOCAL PHOTO ITEM RENDER ===
2025-08-13 16:18:46.432  8124-8124  LocalPhotoGrid          com.akslabs.cloudgallery             D  Index: 11
2025-08-13 16:18:46.432  8124-8124  LocalPhotoGrid          com.akslabs.cloudgallery             I  Item[11] RENDERING with data: localId=1000009759, pathUri=content://media/external/images/media/1000009759
2025-08-13 16:18:46.432  8124-8124  LocalPhotoGrid          com.akslabs.cloudgallery             D  === LOCAL PHOTO ITEM RENDER ===
2025-08-13 16:18:46.432  8124-8124  LocalPhotoGrid          com.akslabs.cloudgallery             D  Index: 12
2025-08-13 16:18:46.432  8124-8124  LocalPhotoGrid          com.akslabs.cloudgallery             I  Item[12] RENDERING with data: localId=1000009757, pathUri=content://media/external/images/media/1000009757
2025-08-13 16:18:46.433  8124-8124  LocalPhotoGrid          com.akslabs.cloudgallery             D  === LOCAL PHOTO ITEM RENDER ===
2025-08-13 16:18:46.433  8124-8124  LocalPhotoGrid          com.akslabs.cloudgallery             D  Index: 13
2025-08-13 16:18:46.433  8124-8124  LocalPhotoGrid          com.akslabs.cloudgallery             I  Item[13] RENDERING with data: localId=1000009756, pathUri=content://media/external/images/media/1000009756
2025-08-13 16:18:46.433  8124-8124  LocalPhotoGrid          com.akslabs.cloudgallery             D  === LOCAL PHOTO ITEM RENDER ===
2025-08-13 16:18:46.433  8124-8124  LocalPhotoGrid          com.akslabs.cloudgallery             D  Index: 14
2025-08-13 16:18:46.433  8124-8124  LocalPhotoGrid          com.akslabs.cloudgallery             I  Item[14] RENDERING with data: localId=1000009755, pathUri=content://media/external/images/media/1000009755
2025-08-13 16:18:46.433  8124-8124  LocalPhotoGrid          com.akslabs.cloudgallery             D  === LOCAL PHOTO ITEM RENDER ===
2025-08-13 16:18:46.433  8124-8124  LocalPhotoGrid          com.akslabs.cloudgallery             D  Index: 15
2025-08-13 16:18:46.433  8124-8124  LocalPhotoGrid          com.akslabs.cloudgallery             I  Item[15] RENDERING with data: localId=1000009754, pathUri=content://media/external/images/media/1000009754
2025-08-13 16:18:46.433  8124-8124  LocalPhotoGrid          com.akslabs.cloudgallery             D  === LOCAL PHOTO ITEM RENDER ===
2025-08-13 16:18:46.433  8124-8124  LocalPhotoGrid          com.akslabs.cloudgallery             D  Index: 16
2025-08-13 16:18:46.433  8124-8124  LocalPhotoGrid          com.akslabs.cloudgallery             I  Item[16] RENDERING with data: localId=1000009753, pathUri=content://media/external/images/media/1000009753
2025-08-13 16:18:46.433  8124-8124  LocalPhotoGrid          com.akslabs.cloudgallery             D  === LOCAL PHOTO ITEM RENDER ===
2025-08-13 16:18:46.433  8124-8124  LocalPhotoGrid          com.akslabs.cloudgallery             D  Index: 17
2025-08-13 16:18:46.433  8124-8124  LocalPhotoGrid          com.akslabs.cloudgallery             I  Item[17] RENDERING with data: localId=1000009752, pathUri=content://media/external/images/media/1000009752
2025-08-13 16:18:46.433  8124-8124  LocalPhotoGrid          com.akslabs.cloudgallery             D  === LOCAL PHOTO ITEM RENDER ===
2025-08-13 16:18:46.433  8124-8124  LocalPhotoGrid          com.akslabs.cloudgallery             D  Index: 18
2025-08-13 16:18:46.433  8124-8124  LocalPhotoGrid          com.akslabs.cloudgallery             I  Item[18] RENDERING with data: localId=1000009751, pathUri=content://media/external/images/media/1000009751
2025-08-13 16:18:46.433  8124-8124  LocalPhotoGrid          com.akslabs.cloudgallery             D  === LOCAL PHOTO ITEM RENDER ===
2025-08-13 16:18:46.434  8124-8124  LocalPhotoGrid          com.akslabs.cloudgallery             D  Index: 19
2025-08-13 16:18:46.434  8124-8124  LocalPhotoGrid          com.akslabs.cloudgallery             I  Item[19] RENDERING with data: localId=1000009750, pathUri=content://media/external/images/media/1000009750
2025-08-13 16:18:46.434  8124-8124  LocalPhotoGrid          com.akslabs.cloudgallery             D  === LOCAL PHOTO ITEM RENDER ===
2025-08-13 16:18:46.434  8124-8124  LocalPhotoGrid          com.akslabs.cloudgallery             D  Index: 20
2025-08-13 16:18:46.434  8124-8124  LocalPhotoGrid          com.akslabs.cloudgallery             I  Item[20] RENDERING with data: localId=1000009749, pathUri=content://media/external/images/media/1000009749
2025-08-13 16:18:46.434  8124-8124  LocalPhotoGrid          com.akslabs.cloudgallery             D  === LOCAL PHOTO ITEM RENDER ===
2025-08-13 16:18:46.434  8124-8124  LocalPhotoGrid          com.akslabs.cloudgallery             D  Index: 21
2025-08-13 16:18:46.434  8124-8124  LocalPhotoGrid          com.akslabs.cloudgallery             I  Item[21] RENDERING with data: localId=1000009748, pathUri=content://media/external/images/media/1000009748
2025-08-13 16:18:46.434  8124-8124  LocalPhotoGrid          com.akslabs.cloudgallery             D  === LOCAL PHOTO ITEM RENDER ===
2025-08-13 16:18:46.434  8124-8124  LocalPhotoGrid          com.akslabs.cloudgallery             D  Index: 22
2025-08-13 16:18:46.434  8124-8124  LocalPhotoGrid          com.akslabs.cloudgallery             I  Item[22] RENDERING with data: localId=1000009747, pathUri=content://media/external/images/media/1000009747
2025-08-13 16:18:46.434  8124-8124  LocalPhotoGrid          com.akslabs.cloudgallery             D  === LOCAL PHOTO ITEM RENDER ===
2025-08-13 16:18:46.434  8124-8124  LocalPhotoGrid          com.akslabs.cloudgallery             D  Index: 23
2025-08-13 16:18:46.434  8124-8124  LocalPhotoGrid          com.akslabs.cloudgallery             I  Item[23] RENDERING with data: localId=1000009746, pathUri=content://media/external/images/media/1000009746
2025-08-13 16:18:46.434  8124-8124  LocalPhotoGrid          com.akslabs.cloudgallery             D  === LOCAL PHOTO ITEM RENDER ===
2025-08-13 16:18:46.434  8124-8124  LocalPhotoGrid          com.akslabs.cloudgallery             D  Index: 24
2025-08-13 16:18:46.434  8124-8124  LocalPhotoGrid          com.akslabs.cloudgallery             I  Item[24] RENDERING with data: localId=1000009745, pathUri=content://media/external/images/media/1000009745
2025-08-13 16:18:46.434  8124-8124  LocalPhotoGrid          com.akslabs.cloudgallery             D  === LOCAL PHOTO ITEM RENDER ===
2025-08-13 16:18:46.435  8124-8124  LocalPhotoGrid          com.akslabs.cloudgallery             D  Index: 25
2025-08-13 16:18:46.435  8124-8124  LocalPhotoGrid          com.akslabs.cloudgallery             I  Item[25] RENDERING with data: localId=1000009744, pathUri=content://media/external/images/media/1000009744
2025-08-13 16:18:46.435  8124-8124  LocalPhotoGrid          com.akslabs.cloudgallery             D  === LOCAL PHOTO ITEM RENDER ===
2025-08-13 16:18:46.435  8124-8124  LocalPhotoGrid          com.akslabs.cloudgallery             D  Index: 26
2025-08-13 16:18:46.435  8124-8124  LocalPhotoGrid          com.akslabs.cloudgallery             I  Item[26] RENDERING with data: localId=1000009743, pathUri=content://media/external/images/media/1000009743
2025-08-13 16:18:46.435  8124-8124  LocalPhotoGrid          com.akslabs.cloudgallery             D  === LOCAL PHOTO ITEM RENDER ===
2025-08-13 16:18:46.435  8124-8124  LocalPhotoGrid          com.akslabs.cloudgallery             D  Index: 27
2025-08-13 16:18:46.435  8124-8124  LocalPhotoGrid          com.akslabs.cloudgallery             I  Item[27] RENDERING with data: localId=1000009742, pathUri=content://media/external/images/media/1000009742
2025-08-13 16:18:46.435  8124-8124  LocalPhotoGrid          com.akslabs.cloudgallery             D  === LOCAL PHOTO ITEM RENDER ===
2025-08-13 16:18:46.435  8124-8124  LocalPhotoGrid          com.akslabs.cloudgallery             D  Index: 28
2025-08-13 16:18:46.435  8124-8124  LocalPhotoGrid          com.akslabs.cloudgallery             I  Item[28] RENDERING with data: localId=1000009741, pathUri=content://media/external/images/media/1000009741
2025-08-13 16:18:46.435  8124-8124  LocalPhotoGrid          com.akslabs.cloudgallery             D  === LOCAL PHOTO ITEM RENDER ===
2025-08-13 16:18:46.435  8124-8124  LocalPhotoGrid          com.akslabs.cloudgallery             D  Index: 29
2025-08-13 16:18:46.435  8124-8124  LocalPhotoGrid          com.akslabs.cloudgallery             I  Item[29] RENDERING with data: localId=1000009740, pathUri=content://media/external/images/media/1000009740
2025-08-13 16:18:46.435  8124-8124  LocalPhotoGrid          com.akslabs.cloudgallery             D  === LOCAL PHOTO ITEM RENDER ===
2025-08-13 16:18:46.435  8124-8124  LocalPhotoGrid          com.akslabs.cloudgallery             D  Index: 30
2025-08-13 16:18:46.435  8124-8124  LocalPhotoGrid          com.akslabs.cloudgallery             I  Item[30] RENDERING with data: localId=1000009739, pathUri=content://media/external/images/media/1000009739
2025-08-13 16:18:46.436  8124-8124  LocalPhotoGrid          com.akslabs.cloudgallery             D  === LOCAL PHOTO ITEM RENDER ===
2025-08-13 16:18:46.436  8124-8124  LocalPhotoGrid          com.akslabs.cloudgallery             D  Index: 31
2025-08-13 16:18:46.436  8124-8124  LocalPhotoGrid          com.akslabs.cloudgallery             I  Item[31] RENDERING with data: localId=1000009738, pathUri=content://media/external/images/media/1000009738
2025-08-13 16:18:46.436  8124-8124  LocalPhotoGrid          com.akslabs.cloudgallery             D  === LOCAL PHOTO ITEM RENDER ===
2025-08-13 16:18:46.436  8124-8124  LocalPhotoGrid          com.akslabs.cloudgallery             D  Index: 32
2025-08-13 16:18:46.436  8124-8124  LocalPhotoGrid          com.akslabs.cloudgallery             I  Item[32] RENDERING with data: localId=1000009736, pathUri=content://media/external/images/media/1000009736
2025-08-13 16:18:46.436  8124-8124  LocalPhotoGrid          com.akslabs.cloudgallery             D  === LOCAL PHOTO ITEM RENDER ===
2025-08-13 16:18:46.436  8124-8124  LocalPhotoGrid          com.akslabs.cloudgallery             D  Index: 33
2025-08-13 16:18:46.436  8124-8124  LocalPhotoGrid          com.akslabs.cloudgallery             I  Item[33] RENDERING with data: localId=1000009725, pathUri=content://media/external/images/media/1000009725
2025-08-13 16:18:46.436  8124-8124  LocalPhotoGrid          com.akslabs.cloudgallery             D  === LOCAL PHOTO ITEM RENDER ===
2025-08-13 16:18:46.436  8124-8124  LocalPhotoGrid          com.akslabs.cloudgallery             D  Index: 34
2025-08-13 16:18:46.436  8124-8124  LocalPhotoGrid          com.akslabs.cloudgallery             I  Item[34] RENDERING with data: localId=1000009724, pathUri=content://media/external/images/media/1000009724
2025-08-13 16:18:46.436  8124-8124  LocalPhotoGrid          com.akslabs.cloudgallery             D  === LOCAL PHOTO ITEM RENDER ===
2025-08-13 16:18:46.436  8124-8124  LocalPhotoGrid          com.akslabs.cloudgallery             D  Index: 35
2025-08-13 16:18:46.436  8124-8124  LocalPhotoGrid          com.akslabs.cloudgallery             I  Item[35] RENDERING with data: localId=1000009723, pathUri=content://media/external/images/media/1000009723
2025-08-13 16:18:46.436  8124-8124  LocalPhotoGrid          com.akslabs.cloudgallery             D  === LOCAL PHOTO ITEM RENDER ===
2025-08-13 16:18:46.436  8124-8124  LocalPhotoGrid          com.akslabs.cloudgallery             D  Index: 36
2025-08-13 16:18:46.436  8124-8124  LocalPhotoGrid          com.akslabs.cloudgallery             I  Item[36] RENDERING with data: localId=1000009722, pathUri=content://media/external/images/media/1000009722
2025-08-13 16:18:46.436  8124-8124  LocalPhotoGrid          com.akslabs.cloudgallery             D  === LOCAL PHOTO ITEM RENDER ===
2025-08-13 16:18:46.436  8124-8124  LocalPhotoGrid          com.akslabs.cloudgallery             D  Index: 37
2025-08-13 16:18:46.436  8124-8124  LocalPhotoGrid          com.akslabs.cloudgallery             I  Item[37] RENDERING with data: localId=1000009721, pathUri=content://media/external/images/media/1000009721
2025-08-13 16:18:46.436  8124-8124  LocalPhotoGrid          com.akslabs.cloudgallery             D  === LOCAL PHOTO ITEM RENDER ===
2025-08-13 16:18:46.436  8124-8124  LocalPhotoGrid          com.akslabs.cloudgallery             D  Index: 38
2025-08-13 16:18:46.436  8124-8124  LocalPhotoGrid          com.akslabs.cloudgallery             I  Item[38] RENDERING with data: localId=1000009720, pathUri=content://media/external/images/media/1000009720
2025-08-13 16:18:46.437  8124-8124  LocalPhotoGrid          com.akslabs.cloudgallery             D  === LOCAL PHOTO ITEM RENDER ===
2025-08-13 16:18:46.437  8124-8124  LocalPhotoGrid          com.akslabs.cloudgallery             D  Index: 39
2025-08-13 16:18:46.437  8124-8124  LocalPhotoGrid          com.akslabs.cloudgallery             I  Item[39] RENDERING with data: localId=1000009605, pathUri=content://media/external/images/media/1000009605
2025-08-13 16:18:46.437  8124-8124  LocalPhotoGrid          com.akslabs.cloudgallery             D  === LOCAL PHOTO ITEM RENDER ===
2025-08-13 16:18:46.437  8124-8124  LocalPhotoGrid          com.akslabs.cloudgallery             D  Index: 40
2025-08-13 16:18:46.437  8124-8124  LocalPhotoGrid          com.akslabs.cloudgallery             I  Item[40] RENDERING with data: localId=1000009604, pathUri=content://media/external/images/media/1000009604
2025-08-13 16:18:46.437  8124-8124  LocalPhotoGrid          com.akslabs.cloudgallery             D  === LOCAL PHOTO ITEM RENDER ===
2025-08-13 16:18:46.437  8124-8124  LocalPhotoGrid          com.akslabs.cloudgallery             D  Index: 41
2025-08-13 16:18:46.437  8124-8124  LocalPhotoGrid          com.akslabs.cloudgallery             I  Item[41] RENDERING with data: localId=1000009544, pathUri=content://media/external/images/media/1000009544
2025-08-13 16:18:46.437  8124-8124  LocalPhotoGrid          com.akslabs.cloudgallery             D  === LOCAL PHOTO ITEM RENDER ===
2025-08-13 16:18:46.437  8124-8124  LocalPhotoGrid          com.akslabs.cloudgallery             D  Index: 42
2025-08-13 16:18:46.437  8124-8124  LocalPhotoGrid          com.akslabs.cloudgallery             I  Item[42] RENDERING with data: localId=1000009538, pathUri=content://media/external/images/media/1000009538
2025-08-13 16:18:46.437  8124-8124  LocalPhotoGrid          com.akslabs.cloudgallery             D  === LOCAL PHOTO ITEM RENDER ===
2025-08-13 16:18:46.437  8124-8124  LocalPhotoGrid          com.akslabs.cloudgallery             D  Index: 43
2025-08-13 16:18:46.437  8124-8124  LocalPhotoGrid          com.akslabs.cloudgallery             I  Item[43] RENDERING with data: localId=1000009532, pathUri=content://media/external/images/media/1000009532
2025-08-13 16:18:46.440  8124-8124  Choreographer           com.akslabs.cloudgallery             I  Skipped 106 frames!  The application may be doing too much work on its main thread.
2025-08-13 16:18:46.466  8124-8124  LocalPhotoGrid          com.akslabs.cloudgallery             E  🎯 === LOCAL PHOTO GRID COMPOSING ===
2025-08-13 16:18:46.911  8124-17584 HWUI                    com.akslabs.cloudgallery             I  Davey! duration=2224ms; Flags=0, FrameTimelineVsyncId=6884359, IntendedVsync=11931694553495, Vsync=11933461196559, InputEventId=0, HandleInputStart=11933462291227, AnimationStart=11933462293883, PerformTraversalsStart=11933876763571, DrawStart=11933878079821, FrameDeadline=11933444542629, FrameInterval=11933461822061, FrameStartTime=16666444, SyncQueued=11933908595185, SyncStart=11933908888727, IssueDrawCommandsStart=11933909075498, SwapBuffers=11933910562633, FrameCompleted=11933919228623, DequeueBufferDuration=16771, QueueBufferDuration=222344, GpuCompleted=11933919228623, SwapBuffersCompleted=11933911065133, DisplayPresentTime=3397062777423003648, CommandSubmissionCompleted=11933910562633, 
2025-08-13 16:18:46.982  8124-8124  LocalPhotoGrid          com.akslabs.cloudgallery             D  === LOCAL PHOTO GRID DEBUG ===
2025-08-13 16:18:46.982  8124-8124  LocalPhotoGrid          com.akslabs.cloudgallery             D  Total count from ViewModel: 951
2025-08-13 16:18:46.982  8124-8124  LocalPhotoGrid          com.akslabs.cloudgallery             D  LocalPhotos itemCount: 951
2025-08-13 16:18:46.982  8124-8124  LocalPhotoGrid          com.akslabs.cloudgallery             D  LoadState.refresh: NotLoading(endOfPaginationReached=false)
2025-08-13 16:18:46.982  8124-8124  LocalPhotoGrid          com.akslabs.cloudgallery             D  LoadState.append: Loading(endOfPaginationReached=false)
2025-08-13 16:18:46.982  8124-8124  LocalPhotoGrid          com.akslabs.cloudgallery             D  LoadState.prepend: NotLoading(endOfPaginationReached=true)
2025-08-13 16:18:46.982  8124-8124  LocalPhotoGrid          com.akslabs.cloudgallery             I  REFRESH completed successfully
2025-08-13 16:18:46.982  8124-8124  LocalPhotoGrid          com.akslabs.cloudgallery             I  APPEND is currently LOADING (scrolling down)
2025-08-13 16:18:46.982  8124-8124  LocalPhotoGrid          com.akslabs.cloudgallery             I  Checking first 5 local photos with peek():
2025-08-13 16:18:46.982  8124-8124  LocalPhotoGrid          com.akslabs.cloudgallery             D  Photo[0] LOADED: localId=1000009866, pathUri=content://media/external/images/media/1000009866
2025-08-13 16:18:46.982  8124-8124  LocalPhotoGrid          com.akslabs.cloudgallery             D  Photo[1] LOADED: localId=1000009865, pathUri=content://media/external/images/media/1000009865
2025-08-13 16:18:46.982  8124-8124  LocalPhotoGrid          com.akslabs.cloudgallery             D  Photo[2] LOADED: localId=1000009864, pathUri=content://media/external/images/media/1000009864
2025-08-13 16:18:46.982  8124-8124  LocalPhotoGrid          com.akslabs.cloudgallery             D  Photo[3] LOADED: localId=1000009863, pathUri=content://media/external/images/media/1000009863
2025-08-13 16:18:46.982  8124-8124  LocalPhotoGrid          com.akslabs.cloudgallery             D  Photo[4] LOADED: localId=1000009850, pathUri=content://media/external/images/media/1000009850
2025-08-13 16:18:46.982  8124-8124  LocalPhotoGrid          com.akslabs.cloudgallery             I  Snapshot list size: 96
2025-08-13 16:18:46.982  8124-8124  LocalPhotoGrid          com.akslabs.cloudgallery             D  Snapshot[0]: localId=1000009866
2025-08-13 16:18:46.982  8124-8124  LocalPhotoGrid          com.akslabs.cloudgallery             D  Snapshot[1]: localId=1000009865
2025-08-13 16:18:46.982  8124-8124  LocalPhotoGrid          com.akslabs.cloudgallery             D  Snapshot[2]: localId=1000009864
2025-08-13 16:18:46.982  8124-8124  LocalPhotoGrid          com.akslabs.cloudgallery             D  === END LOCAL PHOTO GRID DEBUG ===
2025-08-13 16:18:47.111  8124-8124  Choreographer           com.akslabs.cloudgallery             I  Skipped 39 frames!  The application may be doing too much work on its main thread.
2025-08-13 16:18:47.143  8124-8124  LocalPhotoGrid          com.akslabs.cloudgallery             E  🎯 === LOCAL PHOTO GRID COMPOSING ===
2025-08-13 16:18:47.880  8124-17583 HWUI                    com.akslabs.cloudgallery             I  Davey! duration=1420ms; Flags=0, FrameTimelineVsyncId=6885168, IntendedVsync=11933475211838, Vsync=11934125209160, InputEventId=0, HandleInputStart=11934133267581, AnimationStart=11934133270550, PerformTraversalsStart=11934734004091, DrawStart=11934734112321, FrameDeadline=11933949190323, FrameInterval=11934132621435, FrameStartTime=16666598, SyncQueued=11934886926279, SyncStart=11934887007685, IssueDrawCommandsStart=11934887334612, SwapBuffers=11934888386175, FrameCompleted=11934896251383, DequeueBufferDuration=16718, QueueBufferDuration=251562, GpuCompleted=11934896251383, SwapBuffersCompleted=11934888929664, DisplayPresentTime=72904454231491835, CommandSubmissionCompleted=11934888386175, 
2025-08-13 16:18:48.024  8124-8124  LocalPhotoGrid          com.akslabs.cloudgallery             E  🎯 === LOCAL PHOTO GRID COMPOSING ===
2025-08-13 16:18:48.435  8124-17656 ProfileInstaller        com.akslabs.cloudgallery             D  Installing profile for com.akslabs.cloudgallery
2025-08-13 16:18:48.543  8124-8124  LocalPhotoGrid          com.akslabs.cloudgallery             E  🎯 === LOCAL PHOTO GRID COMPOSING ===
2025-08-13 16:18:49.020  8124-8124  LocalPhotoGrid          com.akslabs.cloudgallery             E  🎯 === LOCAL PHOTO GRID COMPOSING ===
2025-08-13 16:18:49.377  8124-8124  LocalPhotoGrid          com.akslabs.cloudgallery             D  === LOCAL PHOTO GRID DEBUG ===
2025-08-13 16:18:49.377  8124-8124  LocalPhotoGrid          com.akslabs.cloudgallery             D  Total count from ViewModel: 951
2025-08-13 16:18:49.377  8124-8124  LocalPhotoGrid          com.akslabs.cloudgallery             D  LocalPhotos itemCount: 951
2025-08-13 16:18:49.377  8124-8124  LocalPhotoGrid          com.akslabs.cloudgallery             D  LoadState.refresh: NotLoading(endOfPaginationReached=false)
